Archive member included to satisfy reference by file (symbol)

C:/ST/STM32CubeIDE_1.18.1/STM32CubeIDE/plugins/com.st.stm32cube.ide.mcu.externaltools.gnu-tools-for-stm32.13.3.rel1.win32_1.0.0.202411081344/tools/bin/../lib/gcc/arm-none-eabi/13.3.1/../../../../arm-none-eabi/lib/thumb/v7e-m+fp/hard\libc_nano.a(libc_a-exit.o)
                              C:/ST/STM32CubeIDE_1.18.1/STM32CubeIDE/plugins/com.st.stm32cube.ide.mcu.externaltools.gnu-tools-for-stm32.13.3.rel1.win32_1.0.0.202411081344/tools/bin/../lib/gcc/arm-none-eabi/13.3.1/../../../../arm-none-eabi/lib/thumb/v7e-m+fp/hard/crt0.o (exit)
C:/ST/STM32CubeIDE_1.18.1/STM32CubeIDE/plugins/com.st.stm32cube.ide.mcu.externaltools.gnu-tools-for-stm32.13.3.rel1.win32_1.0.0.202411081344/tools/bin/../lib/gcc/arm-none-eabi/13.3.1/../../../../arm-none-eabi/lib/thumb/v7e-m+fp/hard\libc_nano.a(libc_a-findfp.o)
                              C:/ST/STM32CubeIDE_1.18.1/STM32CubeIDE/plugins/com.st.stm32cube.ide.mcu.externaltools.gnu-tools-for-stm32.13.3.rel1.win32_1.0.0.202411081344/tools/bin/../lib/gcc/arm-none-eabi/13.3.1/../../../../arm-none-eabi/lib/thumb/v7e-m+fp/hard\libc_nano.a(libc_a-exit.o) (__stdio_exit_handler)
C:/ST/STM32CubeIDE_1.18.1/STM32CubeIDE/plugins/com.st.stm32cube.ide.mcu.externaltools.gnu-tools-for-stm32.13.3.rel1.win32_1.0.0.202411081344/tools/bin/../lib/gcc/arm-none-eabi/13.3.1/../../../../arm-none-eabi/lib/thumb/v7e-m+fp/hard\libc_nano.a(libc_a-fwalk.o)
                              C:/ST/STM32CubeIDE_1.18.1/STM32CubeIDE/plugins/com.st.stm32cube.ide.mcu.externaltools.gnu-tools-for-stm32.13.3.rel1.win32_1.0.0.202411081344/tools/bin/../lib/gcc/arm-none-eabi/13.3.1/../../../../arm-none-eabi/lib/thumb/v7e-m+fp/hard\libc_nano.a(libc_a-findfp.o) (_fwalk_sglue)
C:/ST/STM32CubeIDE_1.18.1/STM32CubeIDE/plugins/com.st.stm32cube.ide.mcu.externaltools.gnu-tools-for-stm32.13.3.rel1.win32_1.0.0.202411081344/tools/bin/../lib/gcc/arm-none-eabi/13.3.1/../../../../arm-none-eabi/lib/thumb/v7e-m+fp/hard\libc_nano.a(libc_a-stdio.o)
                              C:/ST/STM32CubeIDE_1.18.1/STM32CubeIDE/plugins/com.st.stm32cube.ide.mcu.externaltools.gnu-tools-for-stm32.13.3.rel1.win32_1.0.0.202411081344/tools/bin/../lib/gcc/arm-none-eabi/13.3.1/../../../../arm-none-eabi/lib/thumb/v7e-m+fp/hard\libc_nano.a(libc_a-findfp.o) (__sread)
C:/ST/STM32CubeIDE_1.18.1/STM32CubeIDE/plugins/com.st.stm32cube.ide.mcu.externaltools.gnu-tools-for-stm32.13.3.rel1.win32_1.0.0.202411081344/tools/bin/../lib/gcc/arm-none-eabi/13.3.1/../../../../arm-none-eabi/lib/thumb/v7e-m+fp/hard\libc_nano.a(libc_a-memset.o)
                              C:/ST/STM32CubeIDE_1.18.1/STM32CubeIDE/plugins/com.st.stm32cube.ide.mcu.externaltools.gnu-tools-for-stm32.13.3.rel1.win32_1.0.0.202411081344/tools/bin/../lib/gcc/arm-none-eabi/13.3.1/../../../../arm-none-eabi/lib/thumb/v7e-m+fp/hard/crt0.o (memset)
C:/ST/STM32CubeIDE_1.18.1/STM32CubeIDE/plugins/com.st.stm32cube.ide.mcu.externaltools.gnu-tools-for-stm32.13.3.rel1.win32_1.0.0.202411081344/tools/bin/../lib/gcc/arm-none-eabi/13.3.1/../../../../arm-none-eabi/lib/thumb/v7e-m+fp/hard\libc_nano.a(libc_a-closer.o)
                              C:/ST/STM32CubeIDE_1.18.1/STM32CubeIDE/plugins/com.st.stm32cube.ide.mcu.externaltools.gnu-tools-for-stm32.13.3.rel1.win32_1.0.0.202411081344/tools/bin/../lib/gcc/arm-none-eabi/13.3.1/../../../../arm-none-eabi/lib/thumb/v7e-m+fp/hard\libc_nano.a(libc_a-stdio.o) (_close_r)
C:/ST/STM32CubeIDE_1.18.1/STM32CubeIDE/plugins/com.st.stm32cube.ide.mcu.externaltools.gnu-tools-for-stm32.13.3.rel1.win32_1.0.0.202411081344/tools/bin/../lib/gcc/arm-none-eabi/13.3.1/../../../../arm-none-eabi/lib/thumb/v7e-m+fp/hard\libc_nano.a(libc_a-reent.o)
                              C:/ST/STM32CubeIDE_1.18.1/STM32CubeIDE/plugins/com.st.stm32cube.ide.mcu.externaltools.gnu-tools-for-stm32.13.3.rel1.win32_1.0.0.202411081344/tools/bin/../lib/gcc/arm-none-eabi/13.3.1/../../../../arm-none-eabi/lib/thumb/v7e-m+fp/hard\libc_nano.a(libc_a-closer.o) (errno)
C:/ST/STM32CubeIDE_1.18.1/STM32CubeIDE/plugins/com.st.stm32cube.ide.mcu.externaltools.gnu-tools-for-stm32.13.3.rel1.win32_1.0.0.202411081344/tools/bin/../lib/gcc/arm-none-eabi/13.3.1/../../../../arm-none-eabi/lib/thumb/v7e-m+fp/hard\libc_nano.a(libc_a-impure.o)
                              C:/ST/STM32CubeIDE_1.18.1/STM32CubeIDE/plugins/com.st.stm32cube.ide.mcu.externaltools.gnu-tools-for-stm32.13.3.rel1.win32_1.0.0.202411081344/tools/bin/../lib/gcc/arm-none-eabi/13.3.1/../../../../arm-none-eabi/lib/thumb/v7e-m+fp/hard\libc_nano.a(libc_a-reent.o) (_impure_ptr)
C:/ST/STM32CubeIDE_1.18.1/STM32CubeIDE/plugins/com.st.stm32cube.ide.mcu.externaltools.gnu-tools-for-stm32.13.3.rel1.win32_1.0.0.202411081344/tools/bin/../lib/gcc/arm-none-eabi/13.3.1/../../../../arm-none-eabi/lib/thumb/v7e-m+fp/hard\libc_nano.a(libc_a-lseekr.o)
[...]
Memory Configuration

Name             Origin             Length             Attributes
RAM              0x20000000         0x00020000         xrw
FLASH            0x08000000         0x00080000         xr
*default*        0x00000000         0xffffffff

Linker script and memory map

LOAD C:/ST/STM32CubeIDE_1.18.1/STM32CubeIDE/plugins/com.st.stm32cube.ide.mcu.externaltools.gnu-tools-for-stm32.13.3.rel1.win32_1.0.0.202411081344/tools/bin/../lib/gcc/arm-none-eabi/13.3.1/thumb/v7e-m+fp/hard/crti.o
LOAD C:/ST/STM32CubeIDE_1.18.1/STM32CubeIDE/plugins/com.st.stm32cube.ide.mcu.externaltools.gnu-tools-for-stm32.13.3.rel1.win32_1.0.0.202411081344/tools/bin/../lib/gcc/arm-none-eabi/13.3.1/thumb/v7e-m+fp/hard/crtbegin.o
LOAD C:/ST/STM32CubeIDE_1.18.1/STM32CubeIDE/plugins/com.st.stm32cube.ide.mcu.externaltools.gnu-tools-for-stm32.13.3.rel1.win32_1.0.0.202411081344/tools/bin/../lib/gcc/arm-none-eabi/13.3.1/../../../../arm-none-eabi/lib/thumb/v7e-m+fp/hard/crt0.o
LOAD ./Core/Src/main.o
LOAD ./Core/Src/stm32f4xx_it.o
LOAD ./Core/Src/syscalls.o
LOAD ./Core/Src/sysmem.o
LOAD ./Core/Src/system_stm32f4xx.o
LOAD ./Core/Startup/startup_stm32f411vetx.o
LOAD ./Drivers/STM32F4xx_HAL_Driver/Src/stm32f4xx_ll_exti.o
LOAD ./Drivers/STM32F4xx_HAL_Driver/Src/stm32f4xx_ll_gpio.o
LOAD ./Drivers/STM32F4xx_HAL_Driver/Src/stm32f4xx_ll_rcc.o
LOAD ./Drivers/STM32F4xx_HAL_Driver/Src/stm32f4xx_ll_utils.o
LOAD ./FreeRTOS/croutine.o
LOAD ./FreeRTOS/event_groups.o
LOAD ./FreeRTOS/list.o
LOAD ./FreeRTOS/queue.o
LOAD ./FreeRTOS/stream_buffer.o
LOAD ./FreeRTOS/tasks.o
LOAD ./FreeRTOS/timers.o
LOAD ./FreeRTOS/portable/GCC/ARM_CM4F/port.o
LOAD ./FreeRTOS/portable/MemMang/heap_1.o
START GROUP
LOAD C:/ST/STM32CubeIDE_1.18.1/STM32CubeIDE/plugins/com.st.stm32cube.ide.mcu.externaltools.gnu-tools-for-stm32.13.3.rel1.win32_1.0.0.202411081344/tools/bin/../lib/gcc/arm-none-eabi/13.3.1/../../../../arm-none-eabi/lib/thumb/v7e-m+fp/hard\libc_nano.a
LOAD C:/ST/STM32CubeIDE_1.18.1/STM32CubeIDE/plugins/com.st.stm32cube.ide.mcu.externaltools.gnu-tools-for-stm32.13.3.rel1.win32_1.0.0.202411081344/tools/bin/../lib/gcc/arm-none-eabi/13.3.1/../../../../arm-none-eabi/lib/thumb/v7e-m+fp/hard\libm.a
END GROUP
START GROUP
LOAD C:/ST/STM32CubeIDE_1.18.1/STM32CubeIDE/plugins/com.st.stm32cube.ide.mcu.externaltools.gnu-tools-for-stm32.13.3.rel1.win32_1.0.0.202411081344/tools/bin/../lib/gcc/arm-none-eabi/13.3.1/thumb/v7e-m+fp/hard\libgcc.a
LOAD C:/ST/STM32CubeIDE_1.18.1/STM32CubeIDE/plugins/com.st.stm32cube.ide.mcu.externaltools.gnu-tools-for-stm32.13.3.rel1.win32_1.0.0.202411081344/tools/bin/../lib/gcc/arm-none-eabi/13.3.1/../../../../arm-none-eabi/lib/thumb/v7e-m+fp/hard\libc_nano.a
END GROUP
START GROUP
LOAD C:/ST/STM32CubeIDE_1.18.1/STM32CubeIDE/plugins/com.st.stm32cube.ide.mcu.externaltools.gnu-tools-for-stm32.13.3.rel1.win32_1.0.0.202411081344/tools/bin/../lib/gcc/arm-none-eabi/13.3.1/thumb/v7e-m+fp/hard\libgcc.a
LOAD C:/ST/STM32CubeIDE_1.18.1/STM32CubeIDE/plugins/com.st.stm32cube.ide.mcu.externaltools.gnu-tools-for-stm32.13.3.rel1.win32_1.0.0.202411081344/tools/bin/../lib/gcc/arm-none-eabi/13.3.1/../../../../arm-none-eabi/lib/thumb/v7e-m+fp/hard\libc_nano.a
LOAD C:/ST/STM32CubeIDE_1.18.1/STM32CubeIDE/plugins/com.st.stm32cube.ide.mcu.externaltools.gnu-tools-for-stm32.13.3.rel1.win32_1.0.0.202411081344/tools/bin/../lib/gcc/arm-none-eabi/13.3.1/../../../../arm-none-eabi/lib/thumb/v7e-m+fp/hard\libnosys.a
END GROUP
START GROUP
LOAD C:/ST/STM32CubeIDE_1.18.1/STM32CubeIDE/plugins/com.st.stm32cube.ide.mcu.externaltools.gnu-tools-for-stm32.13.3.rel1.win32_1.0.0.202411081344/tools/bin/../lib/gcc/arm-none-eabi/13.3.1/thumb/v7e-m+fp/hard\libgcc.a
LOAD C:/ST/STM32CubeIDE_1.18.1/STM32CubeIDE/plugins/com.st.stm32cube.ide.mcu.externaltools.gnu-tools-for-stm32.13.3.rel1.win32_1.0.0.202411081344/tools/bin/../lib/gcc/arm-none-eabi/13.3.1/../../../../arm-none-eabi/lib/thumb/v7e-m+fp/hard\libc_nano.a
LOAD C:/ST/STM32CubeIDE_1.18.1/STM32CubeIDE/plugins/com.st.stm32cube.ide.mcu.externaltools.gnu-tools-for-stm32.13.3.rel1.win32_1.0.0.202411081344/tools/bin/../lib/gcc/arm-none-eabi/13.3.1/../../../../arm-none-eabi/lib/thumb/v7e-m+fp/hard\libnosys.a
END GROUP
LOAD C:/ST/STM32CubeIDE_1.18.1/STM32CubeIDE/plugins/com.st.stm32cube.ide.mcu.externaltools.gnu-tools-for-stm32.13.3.rel1.win32_1.0.0.202411081344/tools/bin/../lib/gcc/arm-none-eabi/13.3.1/thumb/v7e-m+fp/hard/crtend.o
LOAD C:/ST/STM32CubeIDE_1.18.1/STM32CubeIDE/plugins/com.st.stm32cube.ide.mcu.externaltools.gnu-tools-for-stm32.13.3.rel1.win32_1.0.0.202411081344/tools/bin/../lib/gcc/arm-none-eabi/13.3.1/thumb/v7e-m+fp/hard/crtn.o
                0x20020000                        _estack = (ORIGIN (RAM) + LENGTH (RAM))
                0x00000200                        _Min_Heap_Size = 0x200
                0x00000400                        _Min_Stack_Size = 0x400

.isr_vector     0x08000000      0x198
                0x08000000                        . = ALIGN (0x4)
 *(.isr_vector)
 .isr_vector    0x08000000      0x198 ./Core/Startup/startup_stm32f411vetx.o
                0x08000000                g_pfnVectors
                0x08000198                        . = ALIGN (0x4)

.text           0x08000198      0xa60
                0x08000198                        . = ALIGN (0x4)
 *(.text)
 .text          0x08000198       0x40 C:/ST/STM32CubeIDE_1.18.1/STM32CubeIDE/plugins/com.st.stm32cube.ide.mcu.externaltools.gnu-tools-for-stm32.13.3.rel1.win32_1.0.0.202411081344/tools/bin/../lib/gcc/arm-none-eabi/13.3.1/thumb/v7e-m+fp/hard/crtbegin.o
 *(.text*)
 .text.__NVIC_SetPriorityGrouping
                0x080001d8       0x48 ./Core/Src/main.o
 .text.__NVIC_GetPriorityGrouping
                0x08000220       0x1c ./Core/Src/main.o
 .text.__NVIC_SetPriority
                0x0800023c       0x54 ./Core/Src/main.o
 .text.NVIC_EncodePriority
                0x08000290       0x66 ./Core/Src/main.o
 *fill*         0x080002f6        0x2 
 .text.LL_RCC_HSE_Enable
                0x080002f8       0x20 ./Core/Src/main.o
 .text.LL_RCC_HSE_IsReady
                0x08000318       0x28 ./Core/Src/main.o
 .text.LL_RCC_SetSysClkSource
                0x08000340       0x28 ./Core/Src/main.o
 .text.LL_RCC_GetSysClkSource
                0x08000368       0x1c ./Core/Src/main.o
 .text.LL_RCC_SetAHBPrescaler
                0x08000384       0x28 ./Core/Src/main.o
 .text.LL_RCC_SetAPB1Prescaler
                0x080003ac       0x28 ./Core/Src/main.o
 .text.LL_RCC_SetAPB2Prescaler
                0x080003d4       0x28 ./Core/Src/main.o
 .text.LL_RCC_SetTIMPrescaler
                0x080003fc       0x2c ./Core/Src/main.o
 .text.LL_RCC_PLL_Enable
                0x08000428       0x20 ./Core/Src/main.o
 .text.LL_RCC_PLL_IsReady
                0x08000448       0x28 ./Core/Src/main.o
 .text.LL_RCC_PLL_ConfigDomain_SYS
                0x08000470       0x4c ./Core/Src/main.o
 .text.LL_AHB1_GRP1_EnableClock
                0x080004bc       0x30 ./Core/Src/main.o
 .text.LL_APB1_GRP1_EnableClock
                0x080004ec       0x30 ./Core/Src/main.o
 .text.LL_APB2_GRP1_EnableClock
                0x0800051c       0x30 ./Core/Src/main.o
 .text.LL_FLASH_SetLatency
                0x0800054c       0x28 ./Core/Src/main.o
 .text.LL_FLASH_GetLatency
                0x08000574       0x1c ./Core/Src/main.o
 .text.LL_PWR_SetRegulVoltageScaling
                0x08000590       0x28 ./Core/Src/main.o
 .text.LL_PWR_IsActiveFlag_VOS
                0x080005b8       0x28 ./Core/Src/main.o
 .text.main     0x080005e0       0x42 ./Core/Src/main.o
                0x080005e0                main
 *fill*         0x08000622        0x2 
 .text.SystemClock_Config
                0x08000624       0x98 ./Core/Src/main.o
                0x08000624                SystemClock_Config
 .text.MX_GPIO_Init
                0x080006bc       0x1a ./Core/Src/main.o
 .text.NMI_Handler
                0x080006d6        0x8 ./Core/Src/stm32f4xx_it.o
                0x080006d6                NMI_Handler
 .text.HardFault_Handler
                0x080006de        0x8 ./Core/Src/stm32f4xx_it.o
                0x080006de                HardFault_Handler
 .text.MemManage_Handler
                0x080006e6        0x8 ./Core/Src/stm32f4xx_it.o
                0x080006e6                MemManage_Handler
 .text.BusFault_Handler
                0x080006ee        0x8 ./Core/Src/stm32f4xx_it.o
                0x080006ee                BusFault_Handler
 .text.UsageFault_Handler
                0x080006f6        0x8 ./Core/Src/stm32f4xx_it.o
                0x080006f6                UsageFault_Handler
 .text.DebugMon_Handler
                0x080006fe        0xe ./Core/Src/stm32f4xx_it.o
                0x080006fe                DebugMon_Handler
 .text.SystemInit
                0x0800070c       0x24 ./Core/Src/system_stm32f4xx.o
                0x0800070c                SystemInit
 .text.Reset_Handler
                0x08000730       0x50 ./Core/Startup/startup_stm32f411vetx.o
                0x08000730                Reset_Handler
 .text.Default_Handler
                0x08000780        0x2 ./Core/Startup/startup_stm32f411vetx.o
                0x08000780                RTC_Alarm_IRQHandler
                0x08000780                EXTI2_IRQHandler
                0x08000780                SPI4_IRQHandler
                0x08000780                TIM1_CC_IRQHandler
                0x08000780                DMA2_Stream5_IRQHandler
                0x08000780                DMA1_Stream5_IRQHandler
                0x08000780                PVD_IRQHandler
                0x08000780                SDIO_IRQHandler
                0x08000780                TAMP_STAMP_IRQHandler
                0x08000780                EXTI3_IRQHandler
                0x08000780                TIM1_UP_TIM10_IRQHandler
                0x08000780                I2C3_ER_IRQHandler
                0x08000780                EXTI0_IRQHandler
                0x08000780                I2C2_EV_IRQHandler
                0x08000780                DMA1_Stream2_IRQHandler
                0x08000780                FPU_IRQHandler
                0x08000780                DMA2_Stream2_IRQHandler
                0x08000780                SPI1_IRQHandler
                0x08000780                TIM1_BRK_TIM9_IRQHandler
                0x08000780                DMA2_Stream3_IRQHandler
                0x08000780                USART6_IRQHandler
                0x08000780                DMA2_Stream0_IRQHandler
                0x08000780                TIM4_IRQHandler
                0x08000780                I2C1_EV_IRQHandler
                0x08000780                DMA1_Stream6_IRQHandler
                0x08000780                DMA1_Stream1_IRQHandler
                0x08000780                TIM3_IRQHandler
                0x08000780                RCC_IRQHandler
                0x08000780                Default_Handler
                0x08000780                EXTI15_10_IRQHandler
                0x08000780                ADC_IRQHandler
                0x08000780                DMA1_Stream7_IRQHandler
                0x08000780                SPI5_IRQHandler
                0x08000780                TIM5_IRQHandler
                0x08000780                DMA2_Stream7_IRQHandler
                0x08000780                I2C3_EV_IRQHandler
                0x08000780                EXTI9_5_IRQHandler
                0x08000780                RTC_WKUP_IRQHandler
                0x08000780                SPI2_IRQHandler
                0x08000780                DMA1_Stream0_IRQHandler
                0x08000780                EXTI4_IRQHandler
                0x08000780                WWDG_IRQHandler
                0x08000780                TIM2_IRQHandler
                0x08000780                OTG_FS_WKUP_IRQHandler
                0x08000780                TIM1_TRG_COM_TIM11_IRQHandler
                0x08000780                EXTI1_IRQHandler
                0x08000780                USART2_IRQHandler
                0x08000780                I2C2_ER_IRQHandler
                0x08000780                DMA2_Stream1_IRQHandler
                0x08000780                FLASH_IRQHandler
                0x08000780                DMA2_Stream4_IRQHandler
                0x08000780                USART1_IRQHandler
                0x08000780                OTG_FS_IRQHandler
                0x08000780                SPI3_IRQHandler
                0x08000780                DMA1_Stream4_IRQHandler
                0x08000780                I2C1_ER_IRQHandler
                0x08000780                DMA2_Stream6_IRQHandler
                0x08000780                DMA1_Stream3_IRQHandler
 *fill*         0x08000782        0x2 
 .text.LL_InitTick
                0x08000784       0x34 ./Drivers/STM32F4xx_HAL_Driver/Src/stm32f4xx_ll_utils.o
 .text.LL_Init1msTick
                0x080007b8       0x1a ./Drivers/STM32F4xx_HAL_Driver/Src/stm32f4xx_ll_utils.o
                0x080007b8                LL_Init1msTick
 *fill*         0x080007d2        0x2 
 .text.LL_SetSystemCoreClock
                0x080007d4       0x20 ./Drivers/STM32F4xx_HAL_Driver/Src/stm32f4xx_ll_utils.o
                0x080007d4                LL_SetSystemCoreClock
 .text.xTaskIncrementTick
                0x080007f4      0x210 ./FreeRTOS/tasks.o
                0x080007f4                xTaskIncrementTick
 .text.vTaskSwitchContext
                0x08000a04       0x90 ./FreeRTOS/tasks.o
                0x08000a04                vTaskSwitchContext
 .text.prvResetNextTaskUnblockTime
                0x08000a94       0x38 ./FreeRTOS/tasks.o
 .text.vPortSVCHandler
                0x08000acc       0x24 ./FreeRTOS/portable/GCC/ARM_CM4F/port.o
                0x08000acc                vPortSVCHandler
 .text.xPortPendSVHandler
                0x08000af0       0x64 ./FreeRTOS/portable/GCC/ARM_CM4F/port.o
                0x08000af0                xPortPendSVHandler
 .text.xPortSysTickHandler
                0x08000b54       0x44 ./FreeRTOS/portable/GCC/ARM_CM4F/port.o
                0x08000b54                xPortSysTickHandler
 .text.__libc_init_array
                0x08000b98       0x48 C:/ST/STM32CubeIDE_1.18.1/STM32CubeIDE/plugins/com.st.stm32cube.ide.mcu.externaltools.gnu-tools-for-stm32.13.3.rel1.win32_1.0.0.202411081344/tools/bin/../lib/gcc/arm-none-eabi/13.3.1/../../../../arm-none-eabi/lib/thumb/v7e-m+fp/hard\libc_nano.a(libc_a-init.o)
                0x08000b98                __libc_init_array
 *(.glue_7)
 .glue_7        0x08000be0        0x0 linker stubs
 *(.glue_7t)
 .glue_7t       0x08000be0        0x0 linker stubs
 *(.eh_frame)
 .eh_frame      0x08000be0        0x0 C:/ST/STM32CubeIDE_1.18.1/STM32CubeIDE/plugins/com.st.stm32cube.ide.mcu.externaltools.gnu-tools-for-stm32.13.3.rel1.win32_1.0.0.202411081344/tools/bin/../lib/gcc/arm-none-eabi/13.3.1/thumb/v7e-m+fp/hard/crtbegin.o
 *(.init)
 .init          0x08000be0        0x4 C:/ST/STM32CubeIDE_1.18.1/STM32CubeIDE/plugins/com.st.stm32cube.ide.mcu.externaltools.gnu-tools-for-stm32.13.3.rel1.win32_1.0.0.202411081344/tools/bin/../lib/gcc/arm-none-eabi/13.3.1/thumb/v7e-m+fp/hard/crti.o
                0x08000be0                _init
 .init          0x08000be4        0x8 C:/ST/STM32CubeIDE_1.18.1/STM32CubeIDE/plugins/com.st.stm32cube.ide.mcu.externaltools.gnu-tools-for-stm32.13.3.rel1.win32_1.0.0.202411081344/tools/bin/../lib/gcc/arm-none-eabi/13.3.1/thumb/v7e-m+fp/hard/crtn.o
 *(.fini)
 .fini          0x08000bec        0x4 C:/ST/STM32CubeIDE_1.18.1/STM32CubeIDE/plugins/com.st.stm32cube.ide.mcu.externaltools.gnu-tools-for-stm32.13.3.rel1.win32_1.0.0.202411081344/tools/bin/../lib/gcc/arm-none-eabi/13.3.1/thumb/v7e-m+fp/hard/crti.o
                0x08000bec                _fini
 .fini          0x08000bf0        0x8 C:/ST/STM32CubeIDE_1.18.1/STM32CubeIDE/plugins/com.st.stm32cube.ide.mcu.externaltools.gnu-tools-for-stm32.13.3.rel1.win32_1.0.0.202411081344/tools/bin/../lib/gcc/arm-none-eabi/13.3.1/thumb/v7e-m+fp/hard/crtn.o
                0x08000bf8                        . = ALIGN (0x4)
                0x08000bf8                        _etext = .

.vfp11_veneer   0x08000bf8        0x0
 .vfp11_veneer  0x08000bf8        0x0 linker stubs

.v4_bx          0x08000bf8        0x0
 .v4_bx         0x08000bf8        0x0 linker stubs

.iplt           0x08000bf8        0x0
 .iplt          0x08000bf8        0x0 C:/ST/STM32CubeIDE_1.18.1/STM32CubeIDE/plugins/com.st.stm32cube.ide.mcu.externaltools.gnu-tools-for-stm32.13.3.rel1.win32_1.0.0.202411081344/tools/bin/../lib/gcc/arm-none-eabi/13.3.1/thumb/v7e-m+fp/hard/crtbegin.o

.rodata         0x08000bf8        0x0
                0x08000bf8                        . = ALIGN (0x4)
 *(.rodata)
 *(.rodata*)
                0x08000bf8                        . = ALIGN (0x4)

.ARM.extab      0x08000bf8        0x0
                0x08000bf8                        . = ALIGN (0x4)
 *(.ARM.extab* .gnu.linkonce.armextab.*)
                0x08000bf8                        . = ALIGN (0x4)

.ARM            0x08000bf8        0x0
                0x08000bf8                        . = ALIGN (0x4)
                0x08000bf8                        __exidx_start = .
 *(.ARM.exidx*)
                0x08000bf8                        __exidx_end = .
                0x08000bf8                        . = ALIGN (0x4)

.preinit_array  0x08000bf8        0x0
                0x08000bf8                        . = ALIGN (0x4)
                0x08000bf8                        PROVIDE (__preinit_array_start = .)
 *(.preinit_array*)
                0x08000bf8                        PROVIDE (__preinit_array_end = .)
                0x08000bf8                        . = ALIGN (0x4)

.init_array     0x08000bf8        0x4
                0x08000bf8                        . = ALIGN (0x4)
                0x08000bf8                        PROVIDE (__init_array_start = .)
 *(SORT_BY_NAME(.init_array.*))
 *(.init_array*)
 .init_array    0x08000bf8        0x4 C:/ST/STM32CubeIDE_1.18.1/STM32CubeIDE/plugins/com.st.stm32cube.ide.mcu.externaltools.gnu-tools-for-stm32.13.3.rel1.win32_1.0.0.202411081344/tools/bin/../lib/gcc/arm-none-eabi/13.3.1/thumb/v7e-m+fp/hard/crtbegin.o
                0x08000bfc                        PROVIDE (__init_array_end = .)
                0x08000bfc                        . = ALIGN (0x4)

.fini_array     0x08000bfc        0x4
                0x08000bfc                        . = ALIGN (0x4)
                [!provide]                        PROVIDE (__fini_array_start = .)
 *(SORT_BY_NAME(.fini_array.*))
 *(.fini_array*)
 .fini_array    0x08000bfc        0x4 C:/ST/STM32CubeIDE_1.18.1/STM32CubeIDE/plugins/com.st.stm32cube.ide.mcu.externaltools.gnu-tools-for-stm32.13.3.rel1.win32_1.0.0.202411081344/tools/bin/../lib/gcc/arm-none-eabi/13.3.1/thumb/v7e-m+fp/hard/crtbegin.o
                [!provide]                        PROVIDE (__fini_array_end = .)
                0x08000c00                        . = ALIGN (0x4)
                0x08000c00                        _sidata = LOADADDR (.data)

.rel.dyn        0x08000c00        0x0
 .rel.iplt      0x08000c00        0x0 C:/ST/STM32CubeIDE_1.18.1/STM32CubeIDE/plugins/com.st.stm32cube.ide.mcu.externaltools.gnu-tools-for-stm32.13.3.rel1.win32_1.0.0.202411081344/tools/bin/../lib/gcc/arm-none-eabi/13.3.1/thumb/v7e-m+fp/hard/crtbegin.o

.data           0x20000000        0x4 load address 0x08000c00
                0x20000000                        . = ALIGN (0x4)
                0x20000000                        _sdata = .
 *(.data)
 *(.data*)
 .data.SystemCoreClock
                0x20000000        0x4 ./Core/Src/system_stm32f4xx.o
                0x20000000                SystemCoreClock
 *(.RamFunc)
 *(.RamFunc*)
                0x20000004                        . = ALIGN (0x4)
                0x20000004                        _edata = .

.igot.plt       0x20000004        0x0 load address 0x08000c04
 .igot.plt      0x20000004        0x0 C:/ST/STM32CubeIDE_1.18.1/STM32CubeIDE/plugins/com.st.stm32cube.ide.mcu.externaltools.gnu-tools-for-stm32.13.3.rel1.win32_1.0.0.202411081344/tools/bin/../lib/gcc/arm-none-eabi/13.3.1/thumb/v7e-m+fp/hard/crtbegin.o
                0x20000004                        . = ALIGN (0x4)

.bss            0x20000004       0xa8 load address 0x08000c04
                0x20000004                        _sbss = .
                0x20000004                        __bss_start__ = _sbss
 *(.bss)
 .bss           0x20000004       0x1c C:/ST/STM32CubeIDE_1.18.1/STM32CubeIDE/plugins/com.st.stm32cube.ide.mcu.externaltools.gnu-tools-for-stm32.13.3.rel1.win32_1.0.0.202411081344/tools/bin/../lib/gcc/arm-none-eabi/13.3.1/thumb/v7e-m+fp/hard/crtbegin.o
 *(.bss*)
 .bss.pxCurrentTCB
                0x20000020        0x4 ./FreeRTOS/tasks.o
                0x20000020                pxCurrentTCB
 .bss.pxReadyTasksLists
                0x20000024       0x64 ./FreeRTOS/tasks.o
 .bss.pxDelayedTaskList
                0x20000088        0x4 ./FreeRTOS/tasks.o
 .bss.pxOverflowDelayedTaskList
                0x2000008c        0x4 ./FreeRTOS/tasks.o
 .bss.xTickCount
                0x20000090        0x4 ./FreeRTOS/tasks.o
 .bss.uxTopReadyPriority
                0x20000094        0x4 ./FreeRTOS/tasks.o
 .bss.xPendedTicks
                0x20000098        0x4 ./FreeRTOS/tasks.o
 .bss.xYieldPendings
                0x2000009c        0x4 ./FreeRTOS/tasks.o
 .bss.xNumOfOverflows
                0x200000a0        0x4 ./FreeRTOS/tasks.o
 .bss.xNextTaskUnblockTime
                0x200000a4        0x4 ./FreeRTOS/tasks.o
 .bss.uxSchedulerSuspended
                0x200000a8        0x4 ./FreeRTOS/tasks.o
 *(COMMON)
                0x200000ac                        . = ALIGN (0x4)
                0x200000ac                        _ebss = .
                0x200000ac                        __bss_end__ = _ebss

._user_heap_stack
                0x200000ac      0x604 load address 0x08000c04
                0x200000b0                        . = ALIGN (0x8)
 *fill*         0x200000ac        0x4 
                [!provide]                        PROVIDE (end = .)
                0x200000b0                        PROVIDE (_end = .)
                0x200002b0                        . = (. + _Min_Heap_Size)
 *fill*         0x200000b0      0x200 
                0x200006b0                        . = (. + _Min_Stack_Size)
 *fill*         0x200002b0      0x400 
                0x200006b0                        . = ALIGN (0x8)

/DISCARD/
 libc.a(*)
 libm.a(*)
 libgcc.a(*)

.ARM.attributes
                0x00000000       0x30
 *(.ARM.attributes)
 .ARM.attributes
                0x00000000       0x22 C:/ST/STM32CubeIDE_1.18.1/STM32CubeIDE/plugins/com.st.stm32cube.ide.mcu.externaltools.gnu-tools-for-stm32.13.3.rel1.win32_1.0.0.202411081344/tools/bin/../lib/gcc/arm-none-eabi/13.3.1/thumb/v7e-m+fp/hard/crti.o
 .ARM.attributes
                0x00000022       0x34 C:/ST/STM32CubeIDE_1.18.1/STM32CubeIDE/plugins/com.st.stm32cube.ide.mcu.externaltools.gnu-tools-for-stm32.13.3.rel1.win32_1.0.0.202411081344/tools/bin/../lib/gcc/arm-none-eabi/13.3.1/thumb/v7e-m+fp/hard/crtbegin.o
 .ARM.attributes
                0x00000056       0x34 ./Core/Src/main.o
 .ARM.attributes
                0x0000008a       0x34 ./Core/Src/stm32f4xx_it.o
 .ARM.attributes
                0x000000be       0x34 ./Core/Src/system_stm32f4xx.o
 .ARM.attributes
                0x000000f2       0x21 ./Core/Startup/startup_stm32f411vetx.o
 .ARM.attributes
                0x00000113       0x34 ./Drivers/STM32F4xx_HAL_Driver/Src/stm32f4xx_ll_utils.o
 .ARM.attributes
                0x00000147       0x34 ./FreeRTOS/tasks.o
 .ARM.attributes
                0x0000017b       0x34 ./FreeRTOS/portable/GCC/ARM_CM4F/port.o
 .ARM.attributes
                0x000001af       0x34 C:/ST/STM32CubeIDE_1.18.1/STM32CubeIDE/plugins/com.st.stm32cube.ide.mcu.externaltools.gnu-tools-for-stm32.13.3.rel1.win32_1.0.0.202411081344/tools/bin/../lib/gcc/arm-none-eabi/13.3.1/../../../../arm-none-eabi/lib/thumb/v7e-m+fp/hard\libc_nano.a(libc_a-init.o)
 .ARM.attributes
                0x000001e3       0x22 C:/ST/STM32CubeIDE_1.18.1/STM32CubeIDE/plugins/com.st.stm32cube.ide.mcu.externaltools.gnu-tools-for-stm32.13.3.rel1.win32_1.0.0.202411081344/tools/bin/../lib/gcc/arm-none-eabi/13.3.1/thumb/v7e-m+fp/hard/crtn.o
OUTPUT(Demo_RTOS.elf elf32-littlearm)
LOAD linker stubs
LOAD C:/ST/STM32CubeIDE_1.18.1/STM32CubeIDE/plugins/com.st.stm32cube.ide.mcu.externaltools.gnu-tools-for-stm32.13.3.rel1.win32_1.0.0.202411081344/tools/bin/../lib/gcc/arm-none-eabi/13.3.1/../../../../arm-none-eabi/lib/thumb/v7e-m+fp/hard\libc.a
LOAD C:/ST/STM32CubeIDE_1.18.1/STM32CubeIDE/plugins/com.st.stm32cube.ide.mcu.externaltools.gnu-tools-for-stm32.13.3.rel1.win32_1.0.0.202411081344/tools/bin/../lib/gcc/arm-none-eabi/13.3.1/../../../../arm-none-eabi/lib/thumb/v7e-m+fp/hard\libm.a
LOAD C:/ST/STM32CubeIDE_1.18.1/STM32CubeIDE/plugins/com.st.stm32cube.ide.mcu.externaltools.gnu-tools-for-stm32.13.3.rel1.win32_1.0.0.202411081344/tools/bin/../lib/gcc/arm-none-eabi/13.3.1/thumb/v7e-m+fp/hard\libgcc.a

.debug_info     0x00000000     0x3ce9
 .debug_info    0x00000000      0xc3b ./Core/Src/main.o
 .debug_info    0x00000c3b      0x145 ./Core/Src/stm32f4xx_it.o
 .debug_info    0x00000d80      0x537 ./Core/Src/system_stm32f4xx.o
 .debug_info    0x000012b7       0x30 ./Core/Startup/startup_stm32f411vetx.o
 .debug_info    0x000012e7      0x928 ./Drivers/STM32F4xx_HAL_Driver/Src/stm32f4xx_ll_utils.o
 .debug_info    0x00001c0f     0x1da3 ./FreeRTOS/tasks.o
 .debug_info    0x000039b2      0x337 ./FreeRTOS/portable/GCC/ARM_CM4F/port.o

.debug_abbrev   0x00000000      0xbfd
 .debug_abbrev  0x00000000      0x273 ./Core/Src/main.o
 .debug_abbrev  0x00000273       0x80 ./Core/Src/stm32f4xx_it.o
 .debug_abbrev  0x000002f3      0x11a ./Core/Src/system_stm32f4xx.o
 .debug_abbrev  0x0000040d       0x24 ./Core/Startup/startup_stm32f411vetx.o
 .debug_abbrev  0x00000431      0x232 ./Drivers/STM32F4xx_HAL_Driver/Src/stm32f4xx_ll_utils.o
 .debug_abbrev  0x00000663      0x37b ./FreeRTOS/tasks.o
 .debug_abbrev  0x000009de      0x21f ./FreeRTOS/portable/GCC/ARM_CM4F/port.o

.debug_aranges  0x00000000      0x4e8
 .debug_aranges
                0x00000000       0xe8 ./Core/Src/main.o
 .debug_aranges
                0x000000e8       0x60 ./Core/Src/stm32f4xx_it.o
 .debug_aranges
                0x00000148       0x28 ./Core/Src/system_stm32f4xx.o
 .debug_aranges
                0x00000170       0x28 ./Core/Startup/startup_stm32f411vetx.o
 .debug_aranges
                0x00000198       0xf8 ./Drivers/STM32F4xx_HAL_Driver/Src/stm32f4xx_ll_utils.o
 .debug_aranges
                0x00000290      0x1e0 ./FreeRTOS/tasks.o
 .debug_aranges
                0x00000470       0x78 ./FreeRTOS/portable/GCC/ARM_CM4F/port.o

.debug_rnglists
                0x00000000      0x3b9
 .debug_rnglists
                0x00000000       0xaa ./Core/Src/main.o
 .debug_rnglists
                0x000000aa       0x43 ./Core/Src/stm32f4xx_it.o
 .debug_rnglists
                0x000000ed       0x1a ./Core/Src/system_stm32f4xx.o
 .debug_rnglists
                0x00000107       0x19 ./Core/Startup/startup_stm32f411vetx.o
 .debug_rnglists
                0x00000120       0xb8 ./Drivers/STM32F4xx_HAL_Driver/Src/stm32f4xx_ll_utils.o
 .debug_rnglists
                0x000001d8      0x18c ./FreeRTOS/tasks.o
 .debug_rnglists
                0x00000364       0x55 ./FreeRTOS/portable/GCC/ARM_CM4F/port.o

.debug_macro    0x00000000    0x11682
 .debug_macro   0x00000000      0x193 ./Core/Src/main.o
 .debug_macro   0x00000193      0xb1a ./Core/Src/main.o
 .debug_macro   0x00000cad       0x2e ./Core/Src/main.o
 .debug_macro   0x00000cdb       0x28 ./Core/Src/main.o
 .debug_macro   0x00000d03       0x22 ./Core/Src/main.o
 .debug_macro   0x00000d25       0x8e ./Core/Src/main.o
 .debug_macro   0x00000db3       0x51 ./Core/Src/main.o
 .debug_macro   0x00000e04      0x103 ./Core/Src/main.o
 .debug_macro   0x00000f07       0x6a ./Core/Src/main.o
 .debug_macro   0x00000f71      0x1df ./Core/Src/main.o
 .debug_macro   0x00001150       0x1c ./Core/Src/main.o
 .debug_macro   0x0000116c       0x22 ./Core/Src/main.o
 .debug_macro   0x0000118e       0xfb ./Core/Src/main.o
 .debug_macro   0x00001289     0x1011 ./Core/Src/main.o
 .debug_macro   0x0000229a      0x11f ./Core/Src/main.o
 .debug_macro   0x000023b9     0xb968 ./Core/Src/main.o
 .debug_macro   0x0000dd21       0x6d ./Core/Src/main.o
 .debug_macro   0x0000dd8e      0x782 ./Core/Src/main.o
 .debug_macro   0x0000e510      0x11d ./Core/Src/main.o
 .debug_macro   0x0000e62d      0x1ab ./Core/Src/main.o
 .debug_macro   0x0000e7d8       0xe8 ./Core/Src/main.o
 .debug_macro   0x0000e8c0      0x1a6 ./Core/Src/main.o
 .debug_macro   0x0000ea66       0x61 ./Core/Src/main.o
 .debug_macro   0x0000eac7       0xbc ./Core/Src/main.o
 .debug_macro   0x0000eb83      0x1e6 ./Core/Src/main.o
 .debug_macro   0x0000ed69      0x149 ./Core/Src/main.o
 .debug_macro   0x0000eeb2       0x22 ./Core/Src/main.o
 .debug_macro   0x0000eed4       0x94 ./Core/Src/main.o
 .debug_macro   0x0000ef68      0x190 ./Core/Src/main.o
 .debug_macro   0x0000f0f8       0x40 ./Core/Src/main.o
 .debug_macro   0x0000f138      0x182 ./Core/Src/main.o
 .debug_macro   0x0000f2ba       0xe7 ./Core/Src/main.o
 .debug_macro   0x0000f3a1       0x3a ./Core/Src/main.o
 .debug_macro   0x0000f3db       0x1f ./Core/Src/main.o
 .debug_macro   0x0000f3fa       0x12 ./Core/Src/main.o
 .debug_macro   0x0000f40c     0x1151 ./Core/Src/main.o
 .debug_macro   0x0001055d      0x13e ./Core/Src/stm32f4xx_it.o
 .debug_macro   0x0001069b       0xce ./Core/Src/system_stm32f4xx.o
 .debug_macro   0x00010769      0x1a8 ./Drivers/STM32F4xx_HAL_Driver/Src/stm32f4xx_ll_utils.o
 .debug_macro   0x00010911       0x5b ./Drivers/STM32F4xx_HAL_Driver/Src/stm32f4xx_ll_utils.o
 .debug_macro   0x0001096c      0x788 ./Drivers/STM32F4xx_HAL_Driver/Src/stm32f4xx_ll_utils.o
 .debug_macro   0x000110f4      0x337 ./FreeRTOS/tasks.o
 .debug_macro   0x0001142b       0x17 ./FreeRTOS/tasks.o
 .debug_macro   0x00011442      0x240 ./FreeRTOS/portable/GCC/ARM_CM4F/port.o

.debug_line     0x00000000     0x4187
 .debug_line    0x00000000      0xa43 ./Core/Src/main.o
 .debug_line    0x00000a43      0x69a ./Core/Src/stm32f4xx_it.o
 .debug_line    0x000010dd      0x566 ./Core/Src/system_stm32f4xx.o
 .debug_line    0x00001643       0x7a ./Core/Startup/startup_stm32f411vetx.o
 .debug_line    0x000016bd      0xa2f ./Drivers/STM32F4xx_HAL_Driver/Src/stm32f4xx_ll_utils.o
 .debug_line    0x000020ec     0x1905 ./FreeRTOS/tasks.o
 .debug_line    0x000039f1      0x796 ./FreeRTOS/portable/GCC/ARM_CM4F/port.o

.debug_str      0x00000000    0x6c229
 .debug_str     0x00000000    0x6c229 ./Core/Src/main.o
                              0x62faa (size before relaxing)
 .debug_str     0x0006c229    0x59a09 ./Core/Src/stm32f4xx_it.o
 .debug_str     0x0006c229    0x5011e ./Core/Src/system_stm32f4xx.o
 .debug_str     0x0006c229       0x67 ./Core/Startup/startup_stm32f411vetx.o
 .debug_str     0x0006c229    0x57bc2 ./Drivers/STM32F4xx_HAL_Driver/Src/stm32f4xx_ll_utils.o
 .debug_str     0x0006c229    0x60241 ./FreeRTOS/tasks.o
 .debug_str     0x0006c229    0x5b619 ./FreeRTOS/portable/GCC/ARM_CM4F/port.o

.comment        0x00000000       0x43
 .comment       0x00000000       0x43 ./Core/Src/main.o
                                 0x44 (size before relaxing)
 .comment       0x00000043       0x44 ./Core/Src/stm32f4xx_it.o
 .comment       0x00000043       0x44 ./Core/Src/system_stm32f4xx.o
 .comment       0x00000043       0x44 ./Drivers/STM32F4xx_HAL_Driver/Src/stm32f4xx_ll_utils.o
 .comment       0x00000043       0x44 ./FreeRTOS/tasks.o
 .comment       0x00000043       0x44 ./FreeRTOS/portable/GCC/ARM_CM4F/port.o

.debug_frame    0x00000000     0x12f0
 .debug_frame   0x00000000      0x3ac ./Core/Src/main.o
 .debug_frame   0x000003ac      0x108 ./Core/Src/stm32f4xx_it.o
 .debug_frame   0x000004b4       0x58 ./Core/Src/system_stm32f4xx.o
 .debug_frame   0x0000050c      0x3f8 ./Drivers/STM32F4xx_HAL_Driver/Src/stm32f4xx_ll_utils.o
 .debug_frame   0x00000904      0x848 ./FreeRTOS/tasks.o
 .debug_frame   0x0000114c      0x178 ./FreeRTOS/portable/GCC/ARM_CM4F/port.o
 .debug_frame   0x000012c4       0x2c C:/ST/STM32CubeIDE_1.18.1/STM32CubeIDE/plugins/com.st.stm32cube.ide.mcu.externaltools.gnu-tools-for-stm32.13.3.rel1.win32_1.0.0.202411081344/tools/bin/../lib/gcc/arm-none-eabi/13.3.1/../../../../arm-none-eabi/lib/thumb/v7e-m+fp/hard\libc_nano.a(libc_a-init.o)

.debug_line_str
                0x00000000       0x4b
 .debug_line_str
                0x00000000       0x4b ./Core/Startup/startup_stm32f411vetx.o
