Archive member included to satisfy reference by file (symbol)

C:/ST/STM32CubeIDE_1.19.0/STM32CubeIDE/plugins/com.st.stm32cube.ide.mcu.externaltools.gnu-tools-for-stm32.13.3.rel1.win32_1.0.0.202411081344/tools/bin/../lib/gcc/arm-none-eabi/13.3.1/../../../../arm-none-eabi/lib/thumb/v7e-m+fp/hard\libc_nano.a(libc_a-exit.o)
                              C:/ST/STM32CubeIDE_1.19.0/STM32CubeIDE/plugins/com.st.stm32cube.ide.mcu.externaltools.gnu-tools-for-stm32.13.3.rel1.win32_1.0.0.202411081344/tools/bin/../lib/gcc/arm-none-eabi/13.3.1/../../../../arm-none-eabi/lib/thumb/v7e-m+fp/hard/crt0.o (exit)
C:/ST/STM32CubeIDE_1.19.0/STM32CubeIDE/plugins/com.st.stm32cube.ide.mcu.externaltools.gnu-tools-for-stm32.13.3.rel1.win32_1.0.0.202411081344/tools/bin/../lib/gcc/arm-none-eabi/13.3.1/../../../../arm-none-eabi/lib/thumb/v7e-m+fp/hard\libc_nano.a(libc_a-findfp.o)
                              C:/ST/STM32CubeIDE_1.19.0/STM32CubeIDE/plugins/com.st.stm32cube.ide.mcu.externaltools.gnu-tools-for-stm32.13.3.rel1.win32_1.0.0.202411081344/tools/bin/../lib/gcc/arm-none-eabi/13.3.1/../../../../arm-none-eabi/lib/thumb/v7e-m+fp/hard\libc_nano.a(libc_a-exit.o) (__stdio_exit_handler)
C:/ST/STM32CubeIDE_1.19.0/STM32CubeIDE/plugins/com.st.stm32cube.ide.mcu.externaltools.gnu-tools-for-stm32.13.3.rel1.win32_1.0.0.202411081344/tools/bin/../lib/gcc/arm-none-eabi/13.3.1/../../../../arm-none-eabi/lib/thumb/v7e-m+fp/hard\libc_nano.a(libc_a-fwalk.o)
                              C:/ST/STM32CubeIDE_1.19.0/STM32CubeIDE/plugins/com.st.stm32cube.ide.mcu.externaltools.gnu-tools-for-stm32.13.3.rel1.win32_1.0.0.202411081344/tools/bin/../lib/gcc/arm-none-eabi/13.3.1/../../../../arm-none-eabi/lib/thumb/v7e-m+fp/hard\libc_nano.a(libc_a-findfp.o) (_fwalk_sglue)
C:/ST/STM32CubeIDE_1.19.0/STM32CubeIDE/plugins/com.st.stm32cube.ide.mcu.externaltools.gnu-tools-for-stm32.13.3.rel1.win32_1.0.0.202411081344/tools/bin/../lib/gcc/arm-none-eabi/13.3.1/../../../../arm-none-eabi/lib/thumb/v7e-m+fp/hard\libc_nano.a(libc_a-stdio.o)
                              C:/ST/STM32CubeIDE_1.19.0/STM32CubeIDE/plugins/com.st.stm32cube.ide.mcu.externaltools.gnu-tools-for-stm32.13.3.rel1.win32_1.0.0.202411081344/tools/bin/../lib/gcc/arm-none-eabi/13.3.1/../../../../arm-none-eabi/lib/thumb/v7e-m+fp/hard\libc_nano.a(libc_a-findfp.o) (__sread)
C:/ST/STM32CubeIDE_1.19.0/STM32CubeIDE/plugins/com.st.stm32cube.ide.mcu.externaltools.gnu-tools-for-stm32.13.3.rel1.win32_1.0.0.202411081344/tools/bin/../lib/gcc/arm-none-eabi/13.3.1/../../../../arm-none-eabi/lib/thumb/v7e-m+fp/hard\libc_nano.a(libc_a-memset.o)
                              C:/ST/STM32CubeIDE_1.19.0/STM32CubeIDE/plugins/com.st.stm32cube.ide.mcu.externaltools.gnu-tools-for-stm32.13.3.rel1.win32_1.0.0.202411081344/tools/bin/../lib/gcc/arm-none-eabi/13.3.1/../../../../arm-none-eabi/lib/thumb/v7e-m+fp/hard/crt0.o (memset)
C:/ST/STM32CubeIDE_1.19.0/STM32CubeIDE/plugins/com.st.stm32cube.ide.mcu.externaltools.gnu-tools-for-stm32.13.3.rel1.win32_1.0.0.202411081344/tools/bin/../lib/gcc/arm-none-eabi/13.3.1/../../../../arm-none-eabi/lib/thumb/v7e-m+fp/hard\libc_nano.a(libc_a-closer.o)
                              C:/ST/STM32CubeIDE_1.19.0/STM32CubeIDE/plugins/com.st.stm32cube.ide.mcu.externaltools.gnu-tools-for-stm32.13.3.rel1.win32_1.0.0.202411081344/tools/bin/../lib/gcc/arm-none-eabi/13.3.1/../../../../arm-none-eabi/lib/thumb/v7e-m+fp/hard\libc_nano.a(libc_a-stdio.o) (_close_r)
C:/ST/STM32CubeIDE_1.19.0/STM32CubeIDE/plugins/com.st.stm32cube.ide.mcu.externaltools.gnu-tools-for-stm32.13.3.rel1.win32_1.0.0.202411081344/tools/bin/../lib/gcc/arm-none-eabi/13.3.1/../../../../arm-none-eabi/lib/thumb/v7e-m+fp/hard\libc_nano.a(libc_a-reent.o)
                              C:/ST/STM32CubeIDE_1.19.0/STM32CubeIDE/plugins/com.st.stm32cube.ide.mcu.externaltools.gnu-tools-for-stm32.13.3.rel1.win32_1.0.0.202411081344/tools/bin/../lib/gcc/arm-none-eabi/13.3.1/../../../../arm-none-eabi/lib/thumb/v7e-m+fp/hard\libc_nano.a(libc_a-closer.o) (errno)
C:/ST/STM32CubeIDE_1.19.0/STM32CubeIDE/plugins/com.st.stm32cube.ide.mcu.externaltools.gnu-tools-for-stm32.13.3.rel1.win32_1.0.0.202411081344/tools/bin/../lib/gcc/arm-none-eabi/13.3.1/../../../../arm-none-eabi/lib/thumb/v7e-m+fp/hard\libc_nano.a(libc_a-impure.o)
                              C:/ST/STM32CubeIDE_1.19.0/STM32CubeIDE/plugins/com.st.stm32cube.ide.mcu.externaltools.gnu-tools-for-stm32.13.3.rel1.win32_1.0.0.202411081344/tools/bin/../lib/gcc/arm-none-eabi/13.3.1/../../../../arm-none-eabi/lib/thumb/v7e-m+fp/hard\libc_nano.a(libc_a-reent.o) (_impure_ptr)
C:/ST/STM32CubeIDE_1.19.0/STM32CubeIDE/plugins/com.st.stm32cube.ide.mcu.externaltools.gnu-tools-for-stm32.13.3.rel1.win32_1.0.0.202411081344/tools/bin/../lib/gcc/arm-none-eabi/13.3.1/../../../../arm-none-eabi/lib/thumb/v7e-m+fp/hard\libc_nano.a(libc_a-lseekr.o)
[...]
Memory Configuration

Name             Origin             Length             Attributes
RAM              0x20000000         0x00020000         xrw
FLASH            0x08000000         0x00080000         xr
*default*        0x00000000         0xffffffff

Linker script and memory map

LOAD C:/ST/STM32CubeIDE_1.19.0/STM32CubeIDE/plugins/com.st.stm32cube.ide.mcu.externaltools.gnu-tools-for-stm32.13.3.rel1.win32_1.0.0.202411081344/tools/bin/../lib/gcc/arm-none-eabi/13.3.1/thumb/v7e-m+fp/hard/crti.o
LOAD C:/ST/STM32CubeIDE_1.19.0/STM32CubeIDE/plugins/com.st.stm32cube.ide.mcu.externaltools.gnu-tools-for-stm32.13.3.rel1.win32_1.0.0.202411081344/tools/bin/../lib/gcc/arm-none-eabi/13.3.1/thumb/v7e-m+fp/hard/crtbegin.o
LOAD C:/ST/STM32CubeIDE_1.19.0/STM32CubeIDE/plugins/com.st.stm32cube.ide.mcu.externaltools.gnu-tools-for-stm32.13.3.rel1.win32_1.0.0.202411081344/tools/bin/../lib/gcc/arm-none-eabi/13.3.1/../../../../arm-none-eabi/lib/thumb/v7e-m+fp/hard/crt0.o
LOAD ./Core/Src/main.o
LOAD ./Core/Src/stm32f4xx_hal_msp.o
LOAD ./Core/Src/stm32f4xx_it.o
LOAD ./Core/Src/syscalls.o
LOAD ./Core/Src/sysmem.o
LOAD ./Core/Src/system_stm32f4xx.o
LOAD ./Core/Startup/startup_stm32f411vetx.o
LOAD ./Drivers/STM32F4xx_HAL_Driver/Src/stm32f4xx_hal.o
LOAD ./Drivers/STM32F4xx_HAL_Driver/Src/stm32f4xx_hal_cortex.o
LOAD ./Drivers/STM32F4xx_HAL_Driver/Src/stm32f4xx_hal_dma.o
LOAD ./Drivers/STM32F4xx_HAL_Driver/Src/stm32f4xx_hal_dma_ex.o
LOAD ./Drivers/STM32F4xx_HAL_Driver/Src/stm32f4xx_hal_exti.o
LOAD ./Drivers/STM32F4xx_HAL_Driver/Src/stm32f4xx_hal_flash.o
LOAD ./Drivers/STM32F4xx_HAL_Driver/Src/stm32f4xx_hal_flash_ex.o
LOAD ./Drivers/STM32F4xx_HAL_Driver/Src/stm32f4xx_hal_flash_ramfunc.o
LOAD ./Drivers/STM32F4xx_HAL_Driver/Src/stm32f4xx_hal_gpio.o
LOAD ./Drivers/STM32F4xx_HAL_Driver/Src/stm32f4xx_hal_pwr.o
LOAD ./Drivers/STM32F4xx_HAL_Driver/Src/stm32f4xx_hal_pwr_ex.o
LOAD ./Drivers/STM32F4xx_HAL_Driver/Src/stm32f4xx_hal_rcc.o
LOAD ./Drivers/STM32F4xx_HAL_Driver/Src/stm32f4xx_hal_rcc_ex.o
LOAD ./FreeRTOS/croutine.o
LOAD ./FreeRTOS/event_groups.o
LOAD ./FreeRTOS/list.o
LOAD ./FreeRTOS/queue.o
LOAD ./FreeRTOS/stream_buffer.o
LOAD ./FreeRTOS/tasks.o
LOAD ./FreeRTOS/timers.o
LOAD ./FreeRTOS/portable/GCC/ARM_CM4F/port.o
LOAD ./FreeRTOS/portable/MemMang/heap_1.o
START GROUP
LOAD C:/ST/STM32CubeIDE_1.19.0/STM32CubeIDE/plugins/com.st.stm32cube.ide.mcu.externaltools.gnu-tools-for-stm32.13.3.rel1.win32_1.0.0.202411081344/tools/bin/../lib/gcc/arm-none-eabi/13.3.1/../../../../arm-none-eabi/lib/thumb/v7e-m+fp/hard\libc_nano.a
LOAD C:/ST/STM32CubeIDE_1.19.0/STM32CubeIDE/plugins/com.st.stm32cube.ide.mcu.externaltools.gnu-tools-for-stm32.13.3.rel1.win32_1.0.0.202411081344/tools/bin/../lib/gcc/arm-none-eabi/13.3.1/../../../../arm-none-eabi/lib/thumb/v7e-m+fp/hard\libm.a
END GROUP
START GROUP
LOAD C:/ST/STM32CubeIDE_1.19.0/STM32CubeIDE/plugins/com.st.stm32cube.ide.mcu.externaltools.gnu-tools-for-stm32.13.3.rel1.win32_1.0.0.202411081344/tools/bin/../lib/gcc/arm-none-eabi/13.3.1/thumb/v7e-m+fp/hard\libgcc.a
LOAD C:/ST/STM32CubeIDE_1.19.0/STM32CubeIDE/plugins/com.st.stm32cube.ide.mcu.externaltools.gnu-tools-for-stm32.13.3.rel1.win32_1.0.0.202411081344/tools/bin/../lib/gcc/arm-none-eabi/13.3.1/../../../../arm-none-eabi/lib/thumb/v7e-m+fp/hard\libc_nano.a
END GROUP
START GROUP
LOAD C:/ST/STM32CubeIDE_1.19.0/STM32CubeIDE/plugins/com.st.stm32cube.ide.mcu.externaltools.gnu-tools-for-stm32.13.3.rel1.win32_1.0.0.202411081344/tools/bin/../lib/gcc/arm-none-eabi/13.3.1/thumb/v7e-m+fp/hard\libgcc.a
LOAD C:/ST/STM32CubeIDE_1.19.0/STM32CubeIDE/plugins/com.st.stm32cube.ide.mcu.externaltools.gnu-tools-for-stm32.13.3.rel1.win32_1.0.0.202411081344/tools/bin/../lib/gcc/arm-none-eabi/13.3.1/../../../../arm-none-eabi/lib/thumb/v7e-m+fp/hard\libc_nano.a
LOAD C:/ST/STM32CubeIDE_1.19.0/STM32CubeIDE/plugins/com.st.stm32cube.ide.mcu.externaltools.gnu-tools-for-stm32.13.3.rel1.win32_1.0.0.202411081344/tools/bin/../lib/gcc/arm-none-eabi/13.3.1/../../../../arm-none-eabi/lib/thumb/v7e-m+fp/hard\libnosys.a
END GROUP
START GROUP
LOAD C:/ST/STM32CubeIDE_1.19.0/STM32CubeIDE/plugins/com.st.stm32cube.ide.mcu.externaltools.gnu-tools-for-stm32.13.3.rel1.win32_1.0.0.202411081344/tools/bin/../lib/gcc/arm-none-eabi/13.3.1/thumb/v7e-m+fp/hard\libgcc.a
LOAD C:/ST/STM32CubeIDE_1.19.0/STM32CubeIDE/plugins/com.st.stm32cube.ide.mcu.externaltools.gnu-tools-for-stm32.13.3.rel1.win32_1.0.0.202411081344/tools/bin/../lib/gcc/arm-none-eabi/13.3.1/../../../../arm-none-eabi/lib/thumb/v7e-m+fp/hard\libc_nano.a
LOAD C:/ST/STM32CubeIDE_1.19.0/STM32CubeIDE/plugins/com.st.stm32cube.ide.mcu.externaltools.gnu-tools-for-stm32.13.3.rel1.win32_1.0.0.202411081344/tools/bin/../lib/gcc/arm-none-eabi/13.3.1/../../../../arm-none-eabi/lib/thumb/v7e-m+fp/hard\libnosys.a
END GROUP
LOAD C:/ST/STM32CubeIDE_1.19.0/STM32CubeIDE/plugins/com.st.stm32cube.ide.mcu.externaltools.gnu-tools-for-stm32.13.3.rel1.win32_1.0.0.202411081344/tools/bin/../lib/gcc/arm-none-eabi/13.3.1/thumb/v7e-m+fp/hard/crtend.o
LOAD C:/ST/STM32CubeIDE_1.19.0/STM32CubeIDE/plugins/com.st.stm32cube.ide.mcu.externaltools.gnu-tools-for-stm32.13.3.rel1.win32_1.0.0.202411081344/tools/bin/../lib/gcc/arm-none-eabi/13.3.1/thumb/v7e-m+fp/hard/crtn.o
                0x20020000                        _estack = (ORIGIN (RAM) + LENGTH (RAM))
                0x00000200                        _Min_Heap_Size = 0x200
                0x00000400                        _Min_Stack_Size = 0x400

.isr_vector     0x08000000      0x198
                0x08000000                        . = ALIGN (0x4)
 *(.isr_vector)
 .isr_vector    0x08000000      0x198 ./Core/Startup/startup_stm32f411vetx.o
                0x08000000                g_pfnVectors
                0x08000198                        . = ALIGN (0x4)

.text           0x08000198     0x2580
                0x08000198                        . = ALIGN (0x4)
 *(.text)
 .text          0x08000198       0x40 C:/ST/STM32CubeIDE_1.19.0/STM32CubeIDE/plugins/com.st.stm32cube.ide.mcu.externaltools.gnu-tools-for-stm32.13.3.rel1.win32_1.0.0.202411081344/tools/bin/../lib/gcc/arm-none-eabi/13.3.1/thumb/v7e-m+fp/hard/crtbegin.o
 .text          0x080001d8       0x30 C:/ST/STM32CubeIDE_1.19.0/STM32CubeIDE/plugins/com.st.stm32cube.ide.mcu.externaltools.gnu-tools-for-stm32.13.3.rel1.win32_1.0.0.202411081344/tools/bin/../lib/gcc/arm-none-eabi/13.3.1/thumb/v7e-m+fp/hard\libgcc.a(_aeabi_uldivmod.o)
                0x080001d8                __aeabi_uldivmod
 .text          0x08000208      0x2f8 C:/ST/STM32CubeIDE_1.19.0/STM32CubeIDE/plugins/com.st.stm32cube.ide.mcu.externaltools.gnu-tools-for-stm32.13.3.rel1.win32_1.0.0.202411081344/tools/bin/../lib/gcc/arm-none-eabi/13.3.1/thumb/v7e-m+fp/hard\libgcc.a(_udivmoddi4.o)
                0x08000208                __udivmoddi4
 .text          0x08000500        0x4 C:/ST/STM32CubeIDE_1.19.0/STM32CubeIDE/plugins/com.st.stm32cube.ide.mcu.externaltools.gnu-tools-for-stm32.13.3.rel1.win32_1.0.0.202411081344/tools/bin/../lib/gcc/arm-none-eabi/13.3.1/thumb/v7e-m+fp/hard\libgcc.a(_dvmd_tls.o)
                0x08000500                __aeabi_idiv0
                0x08000500                __aeabi_ldiv0
 *(.text*)
 .text.main     0x08000504       0x50 ./Core/Src/main.o
                0x08000504                main
 .text.SystemClock_Config
                0x08000554       0xd0 ./Core/Src/main.o
                0x08000554                SystemClock_Config
 .text.MX_GPIO_Init
                0x08000624       0xc0 ./Core/Src/main.o
 .text.LED1_Task
                0x080006e4       0x24 ./Core/Src/main.o
 .text.LED2_Task
                0x08000708       0x24 ./Core/Src/main.o
 .text.Error_Handler
                0x0800072c        0xc ./Core/Src/main.o
                0x0800072c                Error_Handler
 .text.HAL_MspInit
                0x08000738       0x50 ./Core/Src/stm32f4xx_hal_msp.o
                0x08000738                HAL_MspInit
 .text.NMI_Handler
                0x08000788        0x8 ./Core/Src/stm32f4xx_it.o
                0x08000788                NMI_Handler
 .text.HardFault_Handler
                0x08000790        0x8 ./Core/Src/stm32f4xx_it.o
                0x08000790                HardFault_Handler
 .text.MemManage_Handler
                0x08000798        0x8 ./Core/Src/stm32f4xx_it.o
                0x08000798                MemManage_Handler
 .text.BusFault_Handler
                0x080007a0        0x8 ./Core/Src/stm32f4xx_it.o
                0x080007a0                BusFault_Handler
 .text.UsageFault_Handler
                0x080007a8        0x8 ./Core/Src/stm32f4xx_it.o
                0x080007a8                UsageFault_Handler
 .text.DebugMon_Handler
                0x080007b0        0xe ./Core/Src/stm32f4xx_it.o
                0x080007b0                DebugMon_Handler
 *fill*         0x080007be        0x2 
 .text.SystemInit
                0x080007c0       0x24 ./Core/Src/system_stm32f4xx.o
                0x080007c0                SystemInit
 .text.Reset_Handler
                0x080007e4       0x50 ./Core/Startup/startup_stm32f411vetx.o
                0x080007e4                Reset_Handler
 .text.Default_Handler
                0x08000834        0x2 ./Core/Startup/startup_stm32f411vetx.o
                0x08000834                RTC_Alarm_IRQHandler
                0x08000834                EXTI2_IRQHandler
                0x08000834                SPI4_IRQHandler
                0x08000834                TIM1_CC_IRQHandler
                0x08000834                DMA2_Stream5_IRQHandler
                0x08000834                DMA1_Stream5_IRQHandler
                0x08000834                PVD_IRQHandler
                0x08000834                SDIO_IRQHandler
                0x08000834                TAMP_STAMP_IRQHandler
                0x08000834                EXTI3_IRQHandler
                0x08000834                TIM1_UP_TIM10_IRQHandler
                0x08000834                I2C3_ER_IRQHandler
                0x08000834                EXTI0_IRQHandler
                0x08000834                I2C2_EV_IRQHandler
                0x08000834                DMA1_Stream2_IRQHandler
                0x08000834                FPU_IRQHandler
                0x08000834                DMA2_Stream2_IRQHandler
                0x08000834                SPI1_IRQHandler
                0x08000834                TIM1_BRK_TIM9_IRQHandler
                0x08000834                DMA2_Stream3_IRQHandler
                0x08000834                USART6_IRQHandler
                0x08000834                DMA2_Stream0_IRQHandler
                0x08000834                TIM4_IRQHandler
                0x08000834                I2C1_EV_IRQHandler
                0x08000834                DMA1_Stream6_IRQHandler
                0x08000834                DMA1_Stream1_IRQHandler
                0x08000834                TIM3_IRQHandler
                0x08000834                RCC_IRQHandler
                0x08000834                Default_Handler
                0x08000834                EXTI15_10_IRQHandler
                0x08000834                ADC_IRQHandler
                0x08000834                DMA1_Stream7_IRQHandler
                0x08000834                SPI5_IRQHandler
                0x08000834                TIM5_IRQHandler
                0x08000834                DMA2_Stream7_IRQHandler
                0x08000834                I2C3_EV_IRQHandler
                0x08000834                EXTI9_5_IRQHandler
                0x08000834                RTC_WKUP_IRQHandler
                0x08000834                SPI2_IRQHandler
                0x08000834                DMA1_Stream0_IRQHandler
                0x08000834                EXTI4_IRQHandler
                0x08000834                WWDG_IRQHandler
                0x08000834                TIM2_IRQHandler
                0x08000834                OTG_FS_WKUP_IRQHandler
                0x08000834                TIM1_TRG_COM_TIM11_IRQHandler
                0x08000834                EXTI1_IRQHandler
                0x08000834                USART2_IRQHandler
                0x08000834                I2C2_ER_IRQHandler
                0x08000834                DMA2_Stream1_IRQHandler
                0x08000834                FLASH_IRQHandler
                0x08000834                DMA2_Stream4_IRQHandler
                0x08000834                USART1_IRQHandler
                0x08000834                OTG_FS_IRQHandler
                0x08000834                SPI3_IRQHandler
                0x08000834                DMA1_Stream4_IRQHandler
                0x08000834                I2C1_ER_IRQHandler
                0x08000834                DMA2_Stream6_IRQHandler
                0x08000834                DMA1_Stream3_IRQHandler
 *fill*         0x08000836        0x2 
 .text.HAL_Init
                0x08000838       0x44 ./Drivers/STM32F4xx_HAL_Driver/Src/stm32f4xx_hal.o
                0x08000838                HAL_Init
 .text.HAL_InitTick
                0x0800087c       0x60 ./Drivers/STM32F4xx_HAL_Driver/Src/stm32f4xx_hal.o
                0x0800087c                HAL_InitTick
 .text.HAL_GetTick
                0x080008dc       0x18 ./Drivers/STM32F4xx_HAL_Driver/Src/stm32f4xx_hal.o
                0x080008dc                HAL_GetTick
 .text.__NVIC_SetPriorityGrouping
                0x080008f4       0x48 ./Drivers/STM32F4xx_HAL_Driver/Src/stm32f4xx_hal_cortex.o
 .text.__NVIC_GetPriorityGrouping
                0x0800093c       0x1c ./Drivers/STM32F4xx_HAL_Driver/Src/stm32f4xx_hal_cortex.o
 .text.__NVIC_SetPriority
                0x08000958       0x54 ./Drivers/STM32F4xx_HAL_Driver/Src/stm32f4xx_hal_cortex.o
 .text.NVIC_EncodePriority
                0x080009ac       0x66 ./Drivers/STM32F4xx_HAL_Driver/Src/stm32f4xx_hal_cortex.o
 *fill*         0x08000a12        0x2 
 .text.SysTick_Config
                0x08000a14       0x44 ./Drivers/STM32F4xx_HAL_Driver/Src/stm32f4xx_hal_cortex.o
 .text.HAL_NVIC_SetPriorityGrouping
                0x08000a58       0x16 ./Drivers/STM32F4xx_HAL_Driver/Src/stm32f4xx_hal_cortex.o
                0x08000a58                HAL_NVIC_SetPriorityGrouping
 .text.HAL_NVIC_SetPriority
                0x08000a6e       0x38 ./Drivers/STM32F4xx_HAL_Driver/Src/stm32f4xx_hal_cortex.o
                0x08000a6e                HAL_NVIC_SetPriority
 .text.HAL_SYSTICK_Config
                0x08000aa6       0x18 ./Drivers/STM32F4xx_HAL_Driver/Src/stm32f4xx_hal_cortex.o
                0x08000aa6                HAL_SYSTICK_Config
 *fill*         0x08000abe        0x2 
 .text.HAL_GPIO_Init
                0x08000ac0      0x308 ./Drivers/STM32F4xx_HAL_Driver/Src/stm32f4xx_hal_gpio.o
                0x08000ac0                HAL_GPIO_Init
 .text.HAL_GPIO_WritePin
                0x08000dc8       0x32 ./Drivers/STM32F4xx_HAL_Driver/Src/stm32f4xx_hal_gpio.o
                0x08000dc8                HAL_GPIO_WritePin
 .text.HAL_GPIO_TogglePin
                0x08000dfa       0x34 ./Drivers/STM32F4xx_HAL_Driver/Src/stm32f4xx_hal_gpio.o
                0x08000dfa                HAL_GPIO_TogglePin
 *fill*         0x08000e2e        0x2 
 .text.HAL_RCC_OscConfig
                0x08000e30      0x4f0 ./Drivers/STM32F4xx_HAL_Driver/Src/stm32f4xx_hal_rcc.o
                0x08000e30                HAL_RCC_OscConfig
 .text.HAL_RCC_ClockConfig
                0x08001320      0x1cc ./Drivers/STM32F4xx_HAL_Driver/Src/stm32f4xx_hal_rcc.o
                0x08001320                HAL_RCC_ClockConfig
 .text.HAL_RCC_GetSysClockFreq
                0x080014ec      0x20c ./Drivers/STM32F4xx_HAL_Driver/Src/stm32f4xx_hal_rcc.o
                0x080014ec                HAL_RCC_GetSysClockFreq
 .text.vListInitialise
                0x080016f8       0x40 ./FreeRTOS/list.o
                0x080016f8                vListInitialise
 .text.vListInitialiseItem
                0x08001738       0x1a ./FreeRTOS/list.o
                0x08001738                vListInitialiseItem
 .text.vListInsert
                0x08001752       0x72 ./FreeRTOS/list.o
                0x08001752                vListInsert
 .text.uxListRemove
                0x080017c4       0x54 ./FreeRTOS/list.o
                0x080017c4                uxListRemove
 .text.prvCreateTask
                0x08001818       0x78 ./FreeRTOS/tasks.o
 .text.xTaskCreate
                0x08001890       0x46 ./FreeRTOS/tasks.o
                0x08001890                xTaskCreate
 .text.prvInitialiseNewTask
                0x080018d6       0xd0 ./FreeRTOS/tasks.o
 *fill*         0x080019a6        0x2 
 .text.prvAddNewTaskToReadyList
                0x080019a8      0x128 ./FreeRTOS/tasks.o
 .text.vTaskDelay
                0x08001ad0       0x48 ./FreeRTOS/tasks.o
                0x08001ad0                vTaskDelay
 .text.prvCreateIdleTasks
                0x08001b18       0xac ./FreeRTOS/tasks.o
 .text.vTaskStartScheduler
                0x08001bc4       0x5c ./FreeRTOS/tasks.o
                0x08001bc4                vTaskStartScheduler
 .text.vTaskSuspendAll
                0x08001c20       0x1c ./FreeRTOS/tasks.o
                0x08001c20                vTaskSuspendAll
 .text.xTaskResumeAll
                0x08001c3c      0x1f0 ./FreeRTOS/tasks.o
                0x08001c3c                xTaskResumeAll
 .text.xTaskIncrementTick
                0x08001e2c      0x210 ./FreeRTOS/tasks.o
                0x08001e2c                xTaskIncrementTick
 .text.vTaskSwitchContext
                0x0800203c       0x90 ./FreeRTOS/tasks.o
                0x0800203c                vTaskSwitchContext
 .text.prvIdleTask
                0x080020cc       0x30 ./FreeRTOS/tasks.o
 .text.prvInitialiseTaskLists
                0x080020fc       0x80 ./FreeRTOS/tasks.o
 .text.prvCheckTasksWaitingTermination
                0x0800217c       0x5c ./FreeRTOS/tasks.o
 .text.prvDeleteTCB
                0x080021d8       0x20 ./FreeRTOS/tasks.o
 .text.prvResetNextTaskUnblockTime
                0x080021f8       0x38 ./FreeRTOS/tasks.o
 .text.prvAddCurrentTaskToDelayedList
                0x08002230      0x104 ./FreeRTOS/tasks.o
 .text.pxPortInitialiseStack
                0x08002334       0x68 ./FreeRTOS/portable/GCC/ARM_CM4F/port.o
                0x08002334                pxPortInitialiseStack
 .text.prvTaskExitError
                0x0800239c       0x34 ./FreeRTOS/portable/GCC/ARM_CM4F/port.o
 .text.vPortSVCHandler
                0x080023d0       0x24 ./FreeRTOS/portable/GCC/ARM_CM4F/port.o
                0x080023d0                vPortSVCHandler
 .text.prvPortStartFirstTask
                0x080023f4       0x2c ./FreeRTOS/portable/GCC/ARM_CM4F/port.o
 .text.xPortStartScheduler
                0x08002420       0x70 ./FreeRTOS/portable/GCC/ARM_CM4F/port.o
                0x08002420                xPortStartScheduler
 .text.vPortEnterCritical
                0x08002490       0x34 ./FreeRTOS/portable/GCC/ARM_CM4F/port.o
                0x08002490                vPortEnterCritical
 .text.vPortExitCritical
                0x080024c4       0x34 ./FreeRTOS/portable/GCC/ARM_CM4F/port.o
                0x080024c4                vPortExitCritical
 .text.xPortPendSVHandler
                0x080024f8       0x64 ./FreeRTOS/portable/GCC/ARM_CM4F/port.o
                0x080024f8                xPortPendSVHandler
 .text.xPortSysTickHandler
                0x0800255c       0x44 ./FreeRTOS/portable/GCC/ARM_CM4F/port.o
                0x0800255c                xPortSysTickHandler
 .text.vPortSetupTimerInterrupt
                0x080025a0       0x34 ./FreeRTOS/portable/GCC/ARM_CM4F/port.o
                0x080025a0                vPortSetupTimerInterrupt
 .text.vPortEnableVFP
                0x080025d4       0x18 ./FreeRTOS/portable/GCC/ARM_CM4F/port.o
 .text.pvPortMalloc
                0x080025ec       0xa8 ./FreeRTOS/portable/MemMang/heap_1.o
                0x080025ec                pvPortMalloc
 .text.vPortFree
                0x08002694       0x14 ./FreeRTOS/portable/MemMang/heap_1.o
                0x08002694                vPortFree
 .text.memset   0x080026a8       0x10 C:/ST/STM32CubeIDE_1.19.0/STM32CubeIDE/plugins/com.st.stm32cube.ide.mcu.externaltools.gnu-tools-for-stm32.13.3.rel1.win32_1.0.0.202411081344/tools/bin/../lib/gcc/arm-none-eabi/13.3.1/../../../../arm-none-eabi/lib/thumb/v7e-m+fp/hard\libc_nano.a(libc_a-memset.o)
                0x080026a8                memset
 .text.__libc_init_array
                0x080026b8       0x48 C:/ST/STM32CubeIDE_1.19.0/STM32CubeIDE/plugins/com.st.stm32cube.ide.mcu.externaltools.gnu-tools-for-stm32.13.3.rel1.win32_1.0.0.202411081344/tools/bin/../lib/gcc/arm-none-eabi/13.3.1/../../../../arm-none-eabi/lib/thumb/v7e-m+fp/hard\libc_nano.a(libc_a-init.o)
                0x080026b8                __libc_init_array
 *(.glue_7)
 .glue_7        0x08002700        0x0 linker stubs
 *(.glue_7t)
 .glue_7t       0x08002700        0x0 linker stubs
 *(.eh_frame)
 .eh_frame      0x08002700        0x0 C:/ST/STM32CubeIDE_1.19.0/STM32CubeIDE/plugins/com.st.stm32cube.ide.mcu.externaltools.gnu-tools-for-stm32.13.3.rel1.win32_1.0.0.202411081344/tools/bin/../lib/gcc/arm-none-eabi/13.3.1/thumb/v7e-m+fp/hard/crtbegin.o
 *(.init)
 .init          0x08002700        0x4 C:/ST/STM32CubeIDE_1.19.0/STM32CubeIDE/plugins/com.st.stm32cube.ide.mcu.externaltools.gnu-tools-for-stm32.13.3.rel1.win32_1.0.0.202411081344/tools/bin/../lib/gcc/arm-none-eabi/13.3.1/thumb/v7e-m+fp/hard/crti.o
                0x08002700                _init
 .init          0x08002704        0x8 C:/ST/STM32CubeIDE_1.19.0/STM32CubeIDE/plugins/com.st.stm32cube.ide.mcu.externaltools.gnu-tools-for-stm32.13.3.rel1.win32_1.0.0.202411081344/tools/bin/../lib/gcc/arm-none-eabi/13.3.1/thumb/v7e-m+fp/hard/crtn.o
 *(.fini)
 .fini          0x0800270c        0x4 C:/ST/STM32CubeIDE_1.19.0/STM32CubeIDE/plugins/com.st.stm32cube.ide.mcu.externaltools.gnu-tools-for-stm32.13.3.rel1.win32_1.0.0.202411081344/tools/bin/../lib/gcc/arm-none-eabi/13.3.1/thumb/v7e-m+fp/hard/crti.o
                0x0800270c                _fini
 .fini          0x08002710        0x8 C:/ST/STM32CubeIDE_1.19.0/STM32CubeIDE/plugins/com.st.stm32cube.ide.mcu.externaltools.gnu-tools-for-stm32.13.3.rel1.win32_1.0.0.202411081344/tools/bin/../lib/gcc/arm-none-eabi/13.3.1/thumb/v7e-m+fp/hard/crtn.o
                0x08002718                        . = ALIGN (0x4)
                0x08002718                        _etext = .

.vfp11_veneer   0x08002718        0x0
 .vfp11_veneer  0x08002718        0x0 linker stubs

.v4_bx          0x08002718        0x0
 .v4_bx         0x08002718        0x0 linker stubs

.iplt           0x08002718        0x0
 .iplt          0x08002718        0x0 C:/ST/STM32CubeIDE_1.19.0/STM32CubeIDE/plugins/com.st.stm32cube.ide.mcu.externaltools.gnu-tools-for-stm32.13.3.rel1.win32_1.0.0.202411081344/tools/bin/../lib/gcc/arm-none-eabi/13.3.1/thumb/v7e-m+fp/hard/crtbegin.o

.rodata         0x08002718       0x34
                0x08002718                        . = ALIGN (0x4)
 *(.rodata)
 .rodata        0x08002718       0x16 ./Core/Src/main.o
 *fill*         0x0800272e        0x2 
 .rodata        0x08002730        0x5 ./FreeRTOS/tasks.o
 *(.rodata*)
 *fill*         0x08002735        0x3 
 .rodata.AHBPrescTable
                0x08002738       0x10 ./Core/Src/system_stm32f4xx.o
                0x08002738                AHBPrescTable
 .rodata.uxTopUsedPriority
                0x08002748        0x4 ./FreeRTOS/tasks.o
                0x0800274c                        . = ALIGN (0x4)

.ARM.extab      0x0800274c        0x0
                0x0800274c                        . = ALIGN (0x4)
 *(.ARM.extab* .gnu.linkonce.armextab.*)
                0x0800274c                        . = ALIGN (0x4)

.ARM            0x0800274c        0x8
                0x0800274c                        . = ALIGN (0x4)
                0x0800274c                        __exidx_start = .
 *(.ARM.exidx*)
 .ARM.exidx     0x0800274c        0x8 C:/ST/STM32CubeIDE_1.19.0/STM32CubeIDE/plugins/com.st.stm32cube.ide.mcu.externaltools.gnu-tools-for-stm32.13.3.rel1.win32_1.0.0.202411081344/tools/bin/../lib/gcc/arm-none-eabi/13.3.1/thumb/v7e-m+fp/hard\libgcc.a(_udivmoddi4.o)
                0x08002754                        __exidx_end = .
                0x08002754                        . = ALIGN (0x4)

.preinit_array  0x08002754        0x0
                0x08002754                        . = ALIGN (0x4)
                0x08002754                        PROVIDE (__preinit_array_start = .)
 *(.preinit_array*)
                0x08002754                        PROVIDE (__preinit_array_end = .)
                0x08002754                        . = ALIGN (0x4)

.init_array     0x08002754        0x4
                0x08002754                        . = ALIGN (0x4)
                0x08002754                        PROVIDE (__init_array_start = .)
 *(SORT_BY_NAME(.init_array.*))
 *(.init_array*)
 .init_array    0x08002754        0x4 C:/ST/STM32CubeIDE_1.19.0/STM32CubeIDE/plugins/com.st.stm32cube.ide.mcu.externaltools.gnu-tools-for-stm32.13.3.rel1.win32_1.0.0.202411081344/tools/bin/../lib/gcc/arm-none-eabi/13.3.1/thumb/v7e-m+fp/hard/crtbegin.o
                0x08002758                        PROVIDE (__init_array_end = .)
                0x08002758                        . = ALIGN (0x4)

.fini_array     0x08002758        0x4
                0x08002758                        . = ALIGN (0x4)
                [!provide]                        PROVIDE (__fini_array_start = .)
 *(SORT_BY_NAME(.fini_array.*))
 *(.fini_array*)
 .fini_array    0x08002758        0x4 C:/ST/STM32CubeIDE_1.19.0/STM32CubeIDE/plugins/com.st.stm32cube.ide.mcu.externaltools.gnu-tools-for-stm32.13.3.rel1.win32_1.0.0.202411081344/tools/bin/../lib/gcc/arm-none-eabi/13.3.1/thumb/v7e-m+fp/hard/crtbegin.o
                [!provide]                        PROVIDE (__fini_array_end = .)
                0x0800275c                        . = ALIGN (0x4)
                0x0800275c                        _sidata = LOADADDR (.data)

.rel.dyn        0x0800275c        0x0
 .rel.iplt      0x0800275c        0x0 C:/ST/STM32CubeIDE_1.19.0/STM32CubeIDE/plugins/com.st.stm32cube.ide.mcu.externaltools.gnu-tools-for-stm32.13.3.rel1.win32_1.0.0.202411081344/tools/bin/../lib/gcc/arm-none-eabi/13.3.1/thumb/v7e-m+fp/hard/crtbegin.o

.data           0x20000000       0x10 load address 0x0800275c
                0x20000000                        . = ALIGN (0x4)
                0x20000000                        _sdata = .
 *(.data)
 *(.data*)
 .data.SystemCoreClock
                0x20000000        0x4 ./Core/Src/system_stm32f4xx.o
                0x20000000                SystemCoreClock
 .data.uwTickPrio
                0x20000004        0x4 ./Drivers/STM32F4xx_HAL_Driver/Src/stm32f4xx_hal.o
                0x20000004                uwTickPrio
 .data.uwTickFreq
                0x20000008        0x1 ./Drivers/STM32F4xx_HAL_Driver/Src/stm32f4xx_hal.o
                0x20000008                uwTickFreq
 *fill*         0x20000009        0x3 
 .data.uxCriticalNesting
                0x2000000c        0x4 ./FreeRTOS/portable/GCC/ARM_CM4F/port.o
 *(.RamFunc)
 *(.RamFunc*)
                0x20000010                        . = ALIGN (0x4)
                0x20000010                        _edata = .

.igot.plt       0x20000010        0x0 load address 0x0800276c
 .igot.plt      0x20000010        0x0 C:/ST/STM32CubeIDE_1.19.0/STM32CubeIDE/plugins/com.st.stm32cube.ide.mcu.externaltools.gnu-tools-for-stm32.13.3.rel1.win32_1.0.0.202411081344/tools/bin/../lib/gcc/arm-none-eabi/13.3.1/thumb/v7e-m+fp/hard/crtbegin.o
                0x20000010                        . = ALIGN (0x4)

.bss            0x20000010     0x452c load address 0x0800276c
                0x20000010                        _sbss = .
                0x20000010                        __bss_start__ = _sbss
 *(.bss)
 .bss           0x20000010       0x1c C:/ST/STM32CubeIDE_1.19.0/STM32CubeIDE/plugins/com.st.stm32cube.ide.mcu.externaltools.gnu-tools-for-stm32.13.3.rel1.win32_1.0.0.202411081344/tools/bin/../lib/gcc/arm-none-eabi/13.3.1/thumb/v7e-m+fp/hard/crtbegin.o
 *(.bss*)
 .bss.uwTick    0x2000002c        0x4 ./Drivers/STM32F4xx_HAL_Driver/Src/stm32f4xx_hal.o
                0x2000002c                uwTick
 .bss.pxCurrentTCB
                0x20000030        0x4 ./FreeRTOS/tasks.o
                0x20000030                pxCurrentTCB
 .bss.pxReadyTasksLists
                0x20000034       0x64 ./FreeRTOS/tasks.o
 .bss.xDelayedTaskList1
                0x20000098       0x14 ./FreeRTOS/tasks.o
 .bss.xDelayedTaskList2
                0x200000ac       0x14 ./FreeRTOS/tasks.o
 .bss.pxDelayedTaskList
                0x200000c0        0x4 ./FreeRTOS/tasks.o
 .bss.pxOverflowDelayedTaskList
                0x200000c4        0x4 ./FreeRTOS/tasks.o
 .bss.xPendingReadyList
                0x200000c8       0x14 ./FreeRTOS/tasks.o
 .bss.xTasksWaitingTermination
                0x200000dc       0x14 ./FreeRTOS/tasks.o
 .bss.uxDeletedTasksWaitingCleanUp
                0x200000f0        0x4 ./FreeRTOS/tasks.o
 .bss.xSuspendedTaskList
                0x200000f4       0x14 ./FreeRTOS/tasks.o
 .bss.uxCurrentNumberOfTasks
                0x20000108        0x4 ./FreeRTOS/tasks.o
 .bss.xTickCount
                0x2000010c        0x4 ./FreeRTOS/tasks.o
 .bss.uxTopReadyPriority
                0x20000110        0x4 ./FreeRTOS/tasks.o
 .bss.xSchedulerRunning
                0x20000114        0x4 ./FreeRTOS/tasks.o
 .bss.xPendedTicks
                0x20000118        0x4 ./FreeRTOS/tasks.o
 .bss.xYieldPendings
                0x2000011c        0x4 ./FreeRTOS/tasks.o
 .bss.xNumOfOverflows
                0x20000120        0x4 ./FreeRTOS/tasks.o
 .bss.uxTaskNumber
                0x20000124        0x4 ./FreeRTOS/tasks.o
 .bss.xNextTaskUnblockTime
                0x20000128        0x4 ./FreeRTOS/tasks.o
 .bss.xIdleTaskHandles
                0x2000012c        0x4 ./FreeRTOS/tasks.o
 .bss.uxSchedulerSuspended
                0x20000130        0x4 ./FreeRTOS/tasks.o
 .bss.ucHeap    0x20000134     0x4400 ./FreeRTOS/portable/MemMang/heap_1.o
 .bss.xNextFreeByte
                0x20004534        0x4 ./FreeRTOS/portable/MemMang/heap_1.o
 .bss.pucAlignedHeap.0
                0x20004538        0x4 ./FreeRTOS/portable/MemMang/heap_1.o
 *(COMMON)
                0x2000453c                        . = ALIGN (0x4)
                0x2000453c                        _ebss = .
                0x2000453c                        __bss_end__ = _ebss

._user_heap_stack
                0x2000453c      0x604 load address 0x0800276c
                0x20004540                        . = ALIGN (0x8)
 *fill*         0x2000453c        0x4 
                [!provide]                        PROVIDE (end = .)
                0x20004540                        PROVIDE (_end = .)
                0x20004740                        . = (. + _Min_Heap_Size)
 *fill*         0x20004540      0x200 
                0x20004b40                        . = (. + _Min_Stack_Size)
 *fill*         0x20004740      0x400 
                0x20004b40                        . = ALIGN (0x8)

/DISCARD/
 libc.a(*)
 libm.a(*)
 libgcc.a(*)

.ARM.attributes
                0x00000000       0x30
 *(.ARM.attributes)
 .ARM.attributes
                0x00000000       0x22 C:/ST/STM32CubeIDE_1.19.0/STM32CubeIDE/plugins/com.st.stm32cube.ide.mcu.externaltools.gnu-tools-for-stm32.13.3.rel1.win32_1.0.0.202411081344/tools/bin/../lib/gcc/arm-none-eabi/13.3.1/thumb/v7e-m+fp/hard/crti.o
 .ARM.attributes
                0x00000022       0x34 C:/ST/STM32CubeIDE_1.19.0/STM32CubeIDE/plugins/com.st.stm32cube.ide.mcu.externaltools.gnu-tools-for-stm32.13.3.rel1.win32_1.0.0.202411081344/tools/bin/../lib/gcc/arm-none-eabi/13.3.1/thumb/v7e-m+fp/hard/crtbegin.o
 .ARM.attributes
                0x00000056       0x34 ./Core/Src/main.o
 .ARM.attributes
                0x0000008a       0x34 ./Core/Src/stm32f4xx_hal_msp.o
 .ARM.attributes
                0x000000be       0x34 ./Core/Src/stm32f4xx_it.o
 .ARM.attributes
                0x000000f2       0x34 ./Core/Src/system_stm32f4xx.o
 .ARM.attributes
                0x00000126       0x21 ./Core/Startup/startup_stm32f411vetx.o
 .ARM.attributes
                0x00000147       0x34 ./Drivers/STM32F4xx_HAL_Driver/Src/stm32f4xx_hal.o
 .ARM.attributes
                0x0000017b       0x34 ./Drivers/STM32F4xx_HAL_Driver/Src/stm32f4xx_hal_cortex.o
 .ARM.attributes
                0x000001af       0x34 ./Drivers/STM32F4xx_HAL_Driver/Src/stm32f4xx_hal_gpio.o
 .ARM.attributes
                0x000001e3       0x34 ./Drivers/STM32F4xx_HAL_Driver/Src/stm32f4xx_hal_rcc.o
 .ARM.attributes
                0x00000217       0x34 ./FreeRTOS/list.o
 .ARM.attributes
                0x0000024b       0x34 ./FreeRTOS/tasks.o
 .ARM.attributes
                0x0000027f       0x34 ./FreeRTOS/portable/GCC/ARM_CM4F/port.o
 .ARM.attributes
                0x000002b3       0x34 ./FreeRTOS/portable/MemMang/heap_1.o
 .ARM.attributes
                0x000002e7       0x34 C:/ST/STM32CubeIDE_1.19.0/STM32CubeIDE/plugins/com.st.stm32cube.ide.mcu.externaltools.gnu-tools-for-stm32.13.3.rel1.win32_1.0.0.202411081344/tools/bin/../lib/gcc/arm-none-eabi/13.3.1/../../../../arm-none-eabi/lib/thumb/v7e-m+fp/hard\libc_nano.a(libc_a-memset.o)
 .ARM.attributes
                0x0000031b       0x34 C:/ST/STM32CubeIDE_1.19.0/STM32CubeIDE/plugins/com.st.stm32cube.ide.mcu.externaltools.gnu-tools-for-stm32.13.3.rel1.win32_1.0.0.202411081344/tools/bin/../lib/gcc/arm-none-eabi/13.3.1/../../../../arm-none-eabi/lib/thumb/v7e-m+fp/hard\libc_nano.a(libc_a-init.o)
 .ARM.attributes
                0x0000034f       0x22 C:/ST/STM32CubeIDE_1.19.0/STM32CubeIDE/plugins/com.st.stm32cube.ide.mcu.externaltools.gnu-tools-for-stm32.13.3.rel1.win32_1.0.0.202411081344/tools/bin/../lib/gcc/arm-none-eabi/13.3.1/thumb/v7e-m+fp/hard\libgcc.a(_aeabi_uldivmod.o)
 .ARM.attributes
                0x00000371       0x34 C:/ST/STM32CubeIDE_1.19.0/STM32CubeIDE/plugins/com.st.stm32cube.ide.mcu.externaltools.gnu-tools-for-stm32.13.3.rel1.win32_1.0.0.202411081344/tools/bin/../lib/gcc/arm-none-eabi/13.3.1/thumb/v7e-m+fp/hard\libgcc.a(_udivmoddi4.o)
 .ARM.attributes
                0x000003a5       0x22 C:/ST/STM32CubeIDE_1.19.0/STM32CubeIDE/plugins/com.st.stm32cube.ide.mcu.externaltools.gnu-tools-for-stm32.13.3.rel1.win32_1.0.0.202411081344/tools/bin/../lib/gcc/arm-none-eabi/13.3.1/thumb/v7e-m+fp/hard\libgcc.a(_dvmd_tls.o)
 .ARM.attributes
                0x000003c7       0x22 C:/ST/STM32CubeIDE_1.19.0/STM32CubeIDE/plugins/com.st.stm32cube.ide.mcu.externaltools.gnu-tools-for-stm32.13.3.rel1.win32_1.0.0.202411081344/tools/bin/../lib/gcc/arm-none-eabi/13.3.1/thumb/v7e-m+fp/hard/crtn.o
OUTPUT(Demo_RTOS.elf elf32-littlearm)
LOAD linker stubs
LOAD C:/ST/STM32CubeIDE_1.19.0/STM32CubeIDE/plugins/com.st.stm32cube.ide.mcu.externaltools.gnu-tools-for-stm32.13.3.rel1.win32_1.0.0.202411081344/tools/bin/../lib/gcc/arm-none-eabi/13.3.1/../../../../arm-none-eabi/lib/thumb/v7e-m+fp/hard\libc.a
LOAD C:/ST/STM32CubeIDE_1.19.0/STM32CubeIDE/plugins/com.st.stm32cube.ide.mcu.externaltools.gnu-tools-for-stm32.13.3.rel1.win32_1.0.0.202411081344/tools/bin/../lib/gcc/arm-none-eabi/13.3.1/../../../../arm-none-eabi/lib/thumb/v7e-m+fp/hard\libm.a
LOAD C:/ST/STM32CubeIDE_1.19.0/STM32CubeIDE/plugins/com.st.stm32cube.ide.mcu.externaltools.gnu-tools-for-stm32.13.3.rel1.win32_1.0.0.202411081344/tools/bin/../lib/gcc/arm-none-eabi/13.3.1/thumb/v7e-m+fp/hard\libgcc.a

.debug_info     0x00000000     0x5c1f
 .debug_info    0x00000000      0x7fd ./Core/Src/main.o
 .debug_info    0x000007fd      0x291 ./Core/Src/stm32f4xx_hal_msp.o
 .debug_info    0x00000a8e      0x112 ./Core/Src/stm32f4xx_it.o
 .debug_info    0x00000ba0      0x53e ./Core/Src/system_stm32f4xx.o
 .debug_info    0x000010de       0x30 ./Core/Startup/startup_stm32f411vetx.o
 .debug_info    0x0000110e      0x8c4 ./Drivers/STM32F4xx_HAL_Driver/Src/stm32f4xx_hal.o
 .debug_info    0x000019d2      0xcfc ./Drivers/STM32F4xx_HAL_Driver/Src/stm32f4xx_hal_cortex.o
 .debug_info    0x000026ce      0x6f9 ./Drivers/STM32F4xx_HAL_Driver/Src/stm32f4xx_hal_gpio.o
 .debug_info    0x00002dc7      0x904 ./Drivers/STM32F4xx_HAL_Driver/Src/stm32f4xx_hal_rcc.o
 .debug_info    0x000036cb      0x2aa ./FreeRTOS/list.o
 .debug_info    0x00003975     0x1da3 ./FreeRTOS/tasks.o
 .debug_info    0x00005718      0x337 ./FreeRTOS/portable/GCC/ARM_CM4F/port.o
 .debug_info    0x00005a4f      0x1d0 ./FreeRTOS/portable/MemMang/heap_1.o

.debug_abbrev   0x00000000     0x1680
 .debug_abbrev  0x00000000      0x250 ./Core/Src/main.o
 .debug_abbrev  0x00000250       0xd8 ./Core/Src/stm32f4xx_hal_msp.o
 .debug_abbrev  0x00000328       0x73 ./Core/Src/stm32f4xx_it.o
 .debug_abbrev  0x0000039b      0x11a ./Core/Src/system_stm32f4xx.o
 .debug_abbrev  0x000004b5       0x24 ./Core/Startup/startup_stm32f411vetx.o
 .debug_abbrev  0x000004d9      0x24b ./Drivers/STM32F4xx_HAL_Driver/Src/stm32f4xx_hal.o
 .debug_abbrev  0x00000724      0x31d ./Drivers/STM32F4xx_HAL_Driver/Src/stm32f4xx_hal_cortex.o
 .debug_abbrev  0x00000a41      0x1d3 ./Drivers/STM32F4xx_HAL_Driver/Src/stm32f4xx_hal_gpio.o
 .debug_abbrev  0x00000c14      0x2b6 ./Drivers/STM32F4xx_HAL_Driver/Src/stm32f4xx_hal_rcc.o
 .debug_abbrev  0x00000eca       0xee ./FreeRTOS/list.o
 .debug_abbrev  0x00000fb8      0x37b ./FreeRTOS/tasks.o
 .debug_abbrev  0x00001333      0x21f ./FreeRTOS/portable/GCC/ARM_CM4F/port.o
 .debug_abbrev  0x00001552      0x12e ./FreeRTOS/portable/MemMang/heap_1.o

.debug_aranges  0x00000000      0x6f0
 .debug_aranges
                0x00000000       0x48 ./Core/Src/main.o
 .debug_aranges
                0x00000048       0x20 ./Core/Src/stm32f4xx_hal_msp.o
 .debug_aranges
                0x00000068       0x60 ./Core/Src/stm32f4xx_it.o
 .debug_aranges
                0x000000c8       0x28 ./Core/Src/system_stm32f4xx.o
 .debug_aranges
                0x000000f0       0x28 ./Core/Startup/startup_stm32f411vetx.o
 .debug_aranges
                0x00000118       0xf0 ./Drivers/STM32F4xx_HAL_Driver/Src/stm32f4xx_hal.o
 .debug_aranges
                0x00000208      0x130 ./Drivers/STM32F4xx_HAL_Driver/Src/stm32f4xx_hal_cortex.o
 .debug_aranges
                0x00000338       0x58 ./Drivers/STM32F4xx_HAL_Driver/Src/stm32f4xx_hal_gpio.o
 .debug_aranges
                0x00000390       0x88 ./Drivers/STM32F4xx_HAL_Driver/Src/stm32f4xx_hal_rcc.o
 .debug_aranges
                0x00000418       0x40 ./FreeRTOS/list.o
 .debug_aranges
                0x00000458      0x1e0 ./FreeRTOS/tasks.o
 .debug_aranges
                0x00000638       0x78 ./FreeRTOS/portable/GCC/ARM_CM4F/port.o
 .debug_aranges
                0x000006b0       0x40 ./FreeRTOS/portable/MemMang/heap_1.o

.debug_rnglists
                0x00000000      0x528
 .debug_rnglists
                0x00000000       0x33 ./Core/Src/main.o
 .debug_rnglists
                0x00000033       0x13 ./Core/Src/stm32f4xx_hal_msp.o
 .debug_rnglists
                0x00000046       0x43 ./Core/Src/stm32f4xx_it.o
 .debug_rnglists
                0x00000089       0x1a ./Core/Src/system_stm32f4xx.o
 .debug_rnglists
                0x000000a3       0x19 ./Core/Startup/startup_stm32f411vetx.o
 .debug_rnglists
                0x000000bc       0xaf ./Drivers/STM32F4xx_HAL_Driver/Src/stm32f4xx_hal.o
 .debug_rnglists
                0x0000016b       0xe0 ./Drivers/STM32F4xx_HAL_Driver/Src/stm32f4xx_hal_cortex.o
 .debug_rnglists
                0x0000024b       0x3f ./Drivers/STM32F4xx_HAL_Driver/Src/stm32f4xx_hal_gpio.o
 .debug_rnglists
                0x0000028a       0x66 ./Drivers/STM32F4xx_HAL_Driver/Src/stm32f4xx_hal_rcc.o
 .debug_rnglists
                0x000002f0       0x2b ./FreeRTOS/list.o
 .debug_rnglists
                0x0000031b      0x18c ./FreeRTOS/tasks.o
 .debug_rnglists
                0x000004a7       0x55 ./FreeRTOS/portable/GCC/ARM_CM4F/port.o
 .debug_rnglists
                0x000004fc       0x2c ./FreeRTOS/portable/MemMang/heap_1.o

.debug_macro    0x00000000    0x16873
 .debug_macro   0x00000000      0x22c ./Core/Src/main.o
 .debug_macro   0x0000022c      0xad8 ./Core/Src/main.o
 .debug_macro   0x00000d04      0x28f ./Core/Src/main.o
 .debug_macro   0x00000f93       0x2e ./Core/Src/main.o
 .debug_macro   0x00000fc1       0x28 ./Core/Src/main.o
 .debug_macro   0x00000fe9       0x22 ./Core/Src/main.o
 .debug_macro   0x0000100b       0x8e ./Core/Src/main.o
 .debug_macro   0x00001099       0x51 ./Core/Src/main.o
 .debug_macro   0x000010ea      0x103 ./Core/Src/main.o
 .debug_macro   0x000011ed       0x6a ./Core/Src/main.o
 .debug_macro   0x00001257      0x1df ./Core/Src/main.o
 .debug_macro   0x00001436       0x1c ./Core/Src/main.o
 .debug_macro   0x00001452       0x22 ./Core/Src/main.o
 .debug_macro   0x00001474       0xfb ./Core/Src/main.o
 .debug_macro   0x0000156f     0x1011 ./Core/Src/main.o
 .debug_macro   0x00002580      0x11f ./Core/Src/main.o
 .debug_macro   0x0000269f     0xb968 ./Core/Src/main.o
 .debug_macro   0x0000e007       0x6d ./Core/Src/main.o
 .debug_macro   0x0000e074     0x3693 ./Core/Src/main.o
 .debug_macro   0x00011707      0x190 ./Core/Src/main.o
 .debug_macro   0x00011897       0x5c ./Core/Src/main.o
 .debug_macro   0x000118f3      0x45c ./Core/Src/main.o
 .debug_macro   0x00011d4f      0x9e9 ./Core/Src/main.o
 .debug_macro   0x00012738      0x115 ./Core/Src/main.o
 .debug_macro   0x0001284d      0x11b ./Core/Src/main.o
 .debug_macro   0x00012968       0xa5 ./Core/Src/main.o
 .debug_macro   0x00012a0d      0x15f ./Core/Src/main.o
 .debug_macro   0x00012b6c      0x287 ./Core/Src/main.o
 .debug_macro   0x00012df3       0x5f ./Core/Src/main.o
 .debug_macro   0x00012e52      0x236 ./Core/Src/main.o
 .debug_macro   0x00013088      0x132 ./Core/Src/main.o
 .debug_macro   0x000131ba      0x264 ./Core/Src/main.o
 .debug_macro   0x0001341e       0x2e ./Core/Src/main.o
 .debug_macro   0x0001344c      0x127 ./Core/Src/main.o
 .debug_macro   0x00013573       0x85 ./Core/Src/main.o
 .debug_macro   0x000135f8       0x89 ./Core/Src/main.o
 .debug_macro   0x00013681      0x126 ./Core/Src/main.o
 .debug_macro   0x000137a7       0x94 ./Core/Src/main.o
 .debug_macro   0x0001383b       0x40 ./Core/Src/main.o
 .debug_macro   0x0001387b      0x182 ./Core/Src/main.o
 .debug_macro   0x000139fd       0xe7 ./Core/Src/main.o
 .debug_macro   0x00013ae4       0x3a ./Core/Src/main.o
 .debug_macro   0x00013b1e       0x1f ./Core/Src/main.o
 .debug_macro   0x00013b3d       0x12 ./Core/Src/main.o
 .debug_macro   0x00013b4f     0x1151 ./Core/Src/main.o
 .debug_macro   0x00014ca0       0xc3 ./Core/Src/main.o
 .debug_macro   0x00014d63      0x14f ./Core/Src/main.o
 .debug_macro   0x00014eb2      0x1ba ./Core/Src/stm32f4xx_hal_msp.o
 .debug_macro   0x0001506c      0x1c4 ./Core/Src/stm32f4xx_it.o
 .debug_macro   0x00015230      0x1b0 ./Core/Src/system_stm32f4xx.o
 .debug_macro   0x000153e0      0x210 ./Drivers/STM32F4xx_HAL_Driver/Src/stm32f4xx_hal.o
 .debug_macro   0x000155f0      0x1b0 ./Drivers/STM32F4xx_HAL_Driver/Src/stm32f4xx_hal_cortex.o
 .debug_macro   0x000157a0      0x1b6 ./Drivers/STM32F4xx_HAL_Driver/Src/stm32f4xx_hal_gpio.o
 .debug_macro   0x00015956      0x1d4 ./Drivers/STM32F4xx_HAL_Driver/Src/stm32f4xx_hal_rcc.o
 .debug_macro   0x00015b2a      0x2f0 ./FreeRTOS/list.o
 .debug_macro   0x00015e1a      0x414 ./FreeRTOS/tasks.o
 .debug_macro   0x0001622e       0x17 ./FreeRTOS/tasks.o
 .debug_macro   0x00016245      0x31d ./FreeRTOS/portable/GCC/ARM_CM4F/port.o
 .debug_macro   0x00016562      0x311 ./FreeRTOS/portable/MemMang/heap_1.o

.debug_line     0x00000000     0x8732
 .debug_line    0x00000000      0x89e ./Core/Src/main.o
 .debug_line    0x0000089e      0x6fd ./Core/Src/stm32f4xx_hal_msp.o
 .debug_line    0x00000f9b      0x7ac ./Core/Src/stm32f4xx_it.o
 .debug_line    0x00001747      0x773 ./Core/Src/system_stm32f4xx.o
 .debug_line    0x00001eba       0x7a ./Core/Startup/startup_stm32f411vetx.o
 .debug_line    0x00001f34      0x9ef ./Drivers/STM32F4xx_HAL_Driver/Src/stm32f4xx_hal.o
 .debug_line    0x00002923      0xcbf ./Drivers/STM32F4xx_HAL_Driver/Src/stm32f4xx_hal_cortex.o
 .debug_line    0x000035e2      0xb0b ./Drivers/STM32F4xx_HAL_Driver/Src/stm32f4xx_hal_gpio.o
 .debug_line    0x000040ed      0xdfe ./Drivers/STM32F4xx_HAL_Driver/Src/stm32f4xx_hal_rcc.o
 .debug_line    0x00004eeb      0xa04 ./FreeRTOS/list.o
 .debug_line    0x000058ef     0x1afa ./FreeRTOS/tasks.o
 .debug_line    0x000073e9      0x98b ./FreeRTOS/portable/GCC/ARM_CM4F/port.o
 .debug_line    0x00007d74      0x9be ./FreeRTOS/portable/MemMang/heap_1.o

.debug_str      0x00000000    0x8fd87
 .debug_str     0x00000000    0x8fd87 ./Core/Src/main.o
                              0x88fd1 (size before relaxing)
 .debug_str     0x0008fd87    0x7e258 ./Core/Src/stm32f4xx_hal_msp.o
 .debug_str     0x0008fd87    0x7e1cc ./Core/Src/stm32f4xx_it.o
 .debug_str     0x0008fd87    0x7e308 ./Core/Src/system_stm32f4xx.o
 .debug_str     0x0008fd87       0x72 ./Core/Startup/startup_stm32f411vetx.o
 .debug_str     0x0008fd87    0x7ed34 ./Drivers/STM32F4xx_HAL_Driver/Src/stm32f4xx_hal.o
 .debug_str     0x0008fd87    0x7ea9e ./Drivers/STM32F4xx_HAL_Driver/Src/stm32f4xx_hal_cortex.o
 .debug_str     0x0008fd87    0x7e483 ./Drivers/STM32F4xx_HAL_Driver/Src/stm32f4xx_hal_gpio.o
 .debug_str     0x0008fd87    0x7e73c ./Drivers/STM32F4xx_HAL_Driver/Src/stm32f4xx_hal_rcc.o
 .debug_str     0x0008fd87    0x8aadd ./FreeRTOS/list.o
 .debug_str     0x0008fd87    0x8e0ab ./FreeRTOS/tasks.o
 .debug_str     0x0008fd87    0x894a8 ./FreeRTOS/portable/GCC/ARM_CM4F/port.o
 .debug_str     0x0008fd87    0x8bfa9 ./FreeRTOS/portable/MemMang/heap_1.o

.comment        0x00000000       0x43
 .comment       0x00000000       0x43 ./Core/Src/main.o
                                 0x44 (size before relaxing)
 .comment       0x00000043       0x44 ./Core/Src/stm32f4xx_hal_msp.o
 .comment       0x00000043       0x44 ./Core/Src/stm32f4xx_it.o
 .comment       0x00000043       0x44 ./Core/Src/system_stm32f4xx.o
 .comment       0x00000043       0x44 ./Drivers/STM32F4xx_HAL_Driver/Src/stm32f4xx_hal.o
 .comment       0x00000043       0x44 ./Drivers/STM32F4xx_HAL_Driver/Src/stm32f4xx_hal_cortex.o
 .comment       0x00000043       0x44 ./Drivers/STM32F4xx_HAL_Driver/Src/stm32f4xx_hal_gpio.o
 .comment       0x00000043       0x44 ./Drivers/STM32F4xx_HAL_Driver/Src/stm32f4xx_hal_rcc.o
 .comment       0x00000043       0x44 ./FreeRTOS/list.o
 .comment       0x00000043       0x44 ./FreeRTOS/tasks.o
 .comment       0x00000043       0x44 ./FreeRTOS/portable/GCC/ARM_CM4F/port.o
 .comment       0x00000043       0x44 ./FreeRTOS/portable/MemMang/heap_1.o

.debug_frame    0x00000000     0x1a20
 .debug_frame   0x00000000       0xd0 ./Core/Src/main.o
 .debug_frame   0x000000d0       0x38 ./Core/Src/stm32f4xx_hal_msp.o
 .debug_frame   0x00000108      0x104 ./Core/Src/stm32f4xx_it.o
 .debug_frame   0x0000020c       0x58 ./Core/Src/system_stm32f4xx.o
 .debug_frame   0x00000264      0x374 ./Drivers/STM32F4xx_HAL_Driver/Src/stm32f4xx_hal.o
 .debug_frame   0x000005d8      0x508 ./Drivers/STM32F4xx_HAL_Driver/Src/stm32f4xx_hal_cortex.o
 .debug_frame   0x00000ae0      0x14c ./Drivers/STM32F4xx_HAL_Driver/Src/stm32f4xx_hal_gpio.o
 .debug_frame   0x00000c2c      0x1f4 ./Drivers/STM32F4xx_HAL_Driver/Src/stm32f4xx_hal_rcc.o
 .debug_frame   0x00000e20       0xd8 ./FreeRTOS/list.o
 .debug_frame   0x00000ef8      0x848 ./FreeRTOS/tasks.o
 .debug_frame   0x00001740      0x178 ./FreeRTOS/portable/GCC/ARM_CM4F/port.o
 .debug_frame   0x000018b8       0xbc ./FreeRTOS/portable/MemMang/heap_1.o
 .debug_frame   0x00001974       0x20 C:/ST/STM32CubeIDE_1.19.0/STM32CubeIDE/plugins/com.st.stm32cube.ide.mcu.externaltools.gnu-tools-for-stm32.13.3.rel1.win32_1.0.0.202411081344/tools/bin/../lib/gcc/arm-none-eabi/13.3.1/../../../../arm-none-eabi/lib/thumb/v7e-m+fp/hard\libc_nano.a(libc_a-memset.o)
 .debug_frame   0x00001994       0x2c C:/ST/STM32CubeIDE_1.19.0/STM32CubeIDE/plugins/com.st.stm32cube.ide.mcu.externaltools.gnu-tools-for-stm32.13.3.rel1.win32_1.0.0.202411081344/tools/bin/../lib/gcc/arm-none-eabi/13.3.1/../../../../arm-none-eabi/lib/thumb/v7e-m+fp/hard\libc_nano.a(libc_a-init.o)
 .debug_frame   0x000019c0       0x2c C:/ST/STM32CubeIDE_1.19.0/STM32CubeIDE/plugins/com.st.stm32cube.ide.mcu.externaltools.gnu-tools-for-stm32.13.3.rel1.win32_1.0.0.202411081344/tools/bin/../lib/gcc/arm-none-eabi/13.3.1/thumb/v7e-m+fp/hard\libgcc.a(_aeabi_uldivmod.o)
 .debug_frame   0x000019ec       0x34 C:/ST/STM32CubeIDE_1.19.0/STM32CubeIDE/plugins/com.st.stm32cube.ide.mcu.externaltools.gnu-tools-for-stm32.13.3.rel1.win32_1.0.0.202411081344/tools/bin/../lib/gcc/arm-none-eabi/13.3.1/thumb/v7e-m+fp/hard\libgcc.a(_udivmoddi4.o)

.debug_line_str
                0x00000000       0x56
 .debug_line_str
                0x00000000       0x56 ./Core/Startup/startup_stm32f411vetx.o
